[2026-08-26 15:02:57Z INFO HostContext] No proxy settings were found based on environmental variables (http_proxy/https_proxy/HTTP_PROXY/HTTPS_PROXY)
[2026-08-26 15:02:57Z INFO HostContext] Well known directory 'Bin': 'F:\Github_learning_actions\actions-runner\bin'
[2026-08-26 15:02:57Z INFO HostContext] Well known directory 'Root': 'F:\Github_learning_actions\actions-runner'
[2026-08-26 15:02:57Z INFO HostContext] Well known config file 'Credentials': 'F:\Github_learning_actions\actions-runner\.credentials'
[2026-08-26 15:02:57Z INFO HostContext] Well known directory 'Bin': 'F:\Github_learning_actions\actions-runner\bin'
[2026-08-26 15:02:57Z INFO HostContext] Well known directory 'Root': 'F:\Github_learning_actions\actions-runner'
[2026-08-26 15:02:57Z INFO HostContext] Well known config file 'Runner': 'F:\Github_learning_actions\actions-runner\.runner'
[2026-08-26 15:02:57Z INFO Listener] Runner is built for Windows (X64) - win-x64.
[2026-08-26 15:02:57Z INFO Listener] RuntimeInformation: Microsoft Windows 10.0.26200.
[2026-08-26 15:02:57Z INFO Listener] Version: 2.336.0
[2026-08-26 15:02:57Z INFO Listener] Commit: 98aabcd429c4e8402406c56ce2d26387fed3b9ce
[2026-08-26 15:02:57Z INFO Listener] Culture: en-IN
[2026-08-26 15:02:57Z INFO Listener] UI Culture: en-US
[2026-08-26 15:02:57Z INFO HostContext] Well known directory 'Bin': 'F:\Github_learning_actions\actions-runner\bin'
[2026-08-26 15:02:57Z INFO HostContext] Well known directory 'Root': 'F:\Github_learning_actions\actions-runner'
[2026-08-26 15:02:57Z INFO Listener] Validating directory permissions for: 'F:\Github_learning_actions\actions-runner'
[2026-08-26 15:02:57Z INFO CommandLineParser] Parse
[2026-08-26 15:02:57Z INFO CommandLineParser] Parsing 1 args
[2026-08-26 15:02:57Z INFO CommandLineParser] parsing argument
[2026-08-26 15:02:57Z INFO CommandLineParser] HasArgs: False
[2026-08-26 15:02:57Z INFO CommandLineParser] Adding Command: run
[2026-08-26 15:02:57Z INFO Listener] Arguments parsed
[2026-08-26 15:02:57Z INFO Runner] ExecuteCommand
[2026-08-26 15:02:57Z INFO ConfigurationStore] currentAssemblyLocation: F:\Github_learning_actions\actions-runner\bin\Runner.Listener.dll
[2026-08-26 15:02:57Z INFO HostContext] Well known directory 'Bin': 'F:\Github_learning_actions\actions-runner\bin'
[2026-08-26 15:02:57Z INFO ConfigurationStore] binPath: F:\Github_learning_actions\actions-runner\bin
[2026-08-26 15:02:57Z INFO HostContext] Well known directory 'Bin': 'F:\Github_learning_actions\actions-runner\bin'
[2026-08-26 15:02:57Z INFO HostContext] Well known directory 'Root': 'F:\Github_learning_actions\actions-runner'
[2026-08-26 15:02:57Z INFO ConfigurationStore] RootFolder: F:\Github_learning_actions\actions-runner
[2026-08-26 15:02:57Z INFO HostContext] Well known directory 'Bin': 'F:\Github_learning_actions\actions-runner\bin'
[2026-08-26 15:02:57Z INFO HostContext] Well known directory 'Root': 'F:\Github_learning_actions\actions-runner'
[2026-08-26 15:02:57Z INFO HostContext] Well known config file 'Runner': 'F:\Github_learning_actions\actions-runner\.runner'
[2026-08-26 15:02:57Z INFO ConfigurationStore] ConfigFilePath: F:\Github_learning_actions\actions-runner\.runner
[2026-08-26 15:02:57Z INFO HostContext] Well known directory 'Bin': 'F:\Github_learning_actions\actions-runner\bin'
[2026-08-26 15:02:57Z INFO HostContext] Well known directory 'Root': 'F:\Github_learning_actions\actions-runner'
[2026-08-26 15:02:57Z INFO HostContext] Well known config file 'MigratedRunner': 'F:\Github_learning_actions\actions-runner\.runner_migrated'
[2026-08-26 15:02:57Z INFO ConfigurationStore] MigratedConfigFilePath: F:\Github_learning_actions\actions-runner\.runner_migrated
[2026-08-26 15:02:57Z INFO HostContext] Well known directory 'Bin': 'F:\Github_learning_actions\actions-runner\bin'
[2026-08-26 15:02:57Z INFO HostContext] Well known directory 'Root': 'F:\Github_learning_actions\actions-runner'
[2026-08-26 15:02:57Z INFO HostContext] Well known config file 'Credentials': 'F:\Github_learning_actions\actions-runner\.credentials'
[2026-08-26 15:02:57Z INFO ConfigurationStore] CredFilePath: F:\Github_learning_actions\actions-runner\.credentials
[2026-08-26 15:02:57Z INFO HostContext] Well known directory 'Bin': 'F:\Github_learning_actions\actions-runner\bin'
[2026-08-26 15:02:57Z INFO HostContext] Well known directory 'Root': 'F:\Github_learning_actions\actions-runner'
[2026-08-26 15:02:57Z INFO HostContext] Well known config file 'MigratedCredentials': 'F:\Github_learning_actions\actions-runner\.credentials_migrated'
[2026-08-26 15:02:57Z INFO ConfigurationStore] MigratedCredFilePath: F:\Github_learning_actions\actions-runner\.credentials_migrated
[2026-08-26 15:02:57Z INFO HostContext] Well known directory 'Bin': 'F:\Github_learning_actions\actions-runner\bin'
[2026-08-26 15:02:57Z INFO HostContext] Well known directory 'Root': 'F:\Github_learning_actions\actions-runner'
[2026-08-26 15:02:57Z INFO HostContext] Well known config file 'Service': 'F:\Github_learning_actions\actions-runner\.service'
[2026-08-26 15:02:57Z INFO ConfigurationStore] ServiceConfigFilePath: F:\Github_learning_actions\actions-runner\.service
[2026-08-26 15:02:57Z INFO CommandSettings] Flag 'help': 'False'
[2026-08-26 15:02:57Z INFO CommandSettings] Flag 'version': 'False'
[2026-08-26 15:02:57Z INFO CommandSettings] Flag 'commit': 'False'
[2026-08-26 15:02:57Z INFO CommandSettings] Flag 'check': 'False'
[2026-08-26 15:02:57Z INFO CommandSettings] Command 'configure': 'False'
[2026-08-26 15:02:57Z INFO CommandSettings] Command 'remove': 'False'
[2026-08-26 15:02:57Z INFO CommandSettings] Command 'warmup': 'False'
[2026-08-26 15:02:57Z INFO ConfigurationManager] LoadSettings
[2026-08-26 15:02:57Z INFO ConfigurationStore] IsConfigured()
[2026-08-26 15:02:57Z INFO ConfigurationStore] IsConfigured: True
[2026-08-26 15:02:57Z INFO ConfigurationManager] Is configured: True
[2026-08-26 15:02:57Z INFO ConfigurationStore] Read setting file: 407 chars
[2026-08-26 15:02:57Z INFO ConfigurationManager] Settings Loaded
[2026-08-26 15:02:57Z INFO ConfigurationStore] IsServiceConfigured()
[2026-08-26 15:02:57Z INFO ConfigurationStore] IsServiceConfigured: False
[2026-08-26 15:02:57Z INFO CommandSettings] Command 'run': 'True'
[2026-08-26 15:02:57Z INFO ConfigurationStore] IsConfigured()
[2026-08-26 15:02:57Z INFO ConfigurationStore] IsConfigured: True
[2026-08-26 15:02:57Z INFO ConfigurationManager] Is configured: True
[2026-08-26 15:02:57Z INFO Runner] Could not parse the argument value '' for StartupType. Defaulting to Manual
[2026-08-26 15:02:57Z INFO Runner] Set runner startup type - Manual
[2026-08-26 15:02:57Z INFO CommandSettings] Flag 'once': 'False'
[2026-08-26 15:02:57Z INFO CommandSettings] Flag 'once': 'False'
[2026-08-26 15:02:57Z INFO Runner] RunAsync
[2026-08-26 15:02:57Z INFO HostContext] Well known directory 'Bin': 'F:\Github_learning_actions\actions-runner\bin'
[2026-08-26 15:02:57Z INFO HostContext] Well known directory 'Root': 'F:\Github_learning_actions\actions-runner'
[2026-08-26 15:02:57Z INFO HostContext] Well known directory 'Work': 'F:\Github_learning_actions\actions-runner\_work'
[2026-08-26 15:02:57Z INFO Runner] Validating directory permissions for: 'F:\Github_learning_actions\actions-runner\_work'
[2026-08-26 15:02:57Z INFO ConfigurationManager] LoadMigratedSettings
[2026-08-26 15:02:57Z INFO ConfigurationStore] IsMigratedConfigured()
[2026-08-26 15:02:57Z INFO ConfigurationStore] IsMigratedConfigured: False
[2026-08-26 15:02:57Z INFO Runner] Failed to load migrated settings: No migrated configuration found.
[2026-08-26 15:02:57Z INFO Runner] Falling back to original .runner settings
[2026-08-26 15:02:57Z INFO Runner] Using BrokerMessageListener
[2026-08-26 15:02:57Z INFO BrokerMessageListener] Using provided settings
[2026-08-26 15:02:57Z INFO BrokerMessageListener] {
  "AgentId": 2,
  "AgentName": "KARAN",
  "PoolId": 1,
  "PoolName": "Default",
  "ServerUrl": "https://pipelinesghubeus24.actions.githubusercontent.com/TN1L1Znnrq6NrqaICyWGZ7JezPEaPokxAwucP28eZpglqk63wx/",
  "GitHubUrl": "https://github.com/sourabhprajapati22/github_actions_test",
  "WorkFolder": "_work",
  "UseV2Flow": true,
  "ServerUrlV2": "https://broker.actions.githubusercontent.com/"
}
[2026-08-26 15:02:57Z INFO BrokerMessageListener] Loading Credentials
[2026-08-26 15:02:57Z INFO ConfigurationStore] HasCredentials()
[2026-08-26 15:02:57Z INFO ConfigurationStore] stored True
[2026-08-26 15:02:57Z INFO CredentialManager] GetCredentialProvider
[2026-08-26 15:02:57Z INFO CredentialManager] Creating type OAuth
[2026-08-26 15:02:57Z INFO CredentialManager] Creating credential type: OAuth
[2026-08-26 15:02:57Z INFO HostContext] Well known directory 'Bin': 'F:\Github_learning_actions\actions-runner\bin'
[2026-08-26 15:02:57Z INFO HostContext] Well known directory 'Root': 'F:\Github_learning_actions\actions-runner'
[2026-08-26 15:02:57Z INFO HostContext] Well known config file 'RSACredentials': 'F:\Github_learning_actions\actions-runner\.credentials_rsaparams'
[2026-08-26 15:02:57Z INFO RSAEncryptedFileKeyManager] Loading RSA key parameters from file F:\Github_learning_actions\actions-runner\.credentials_rsaparams
[2026-08-26 15:02:57Z INFO BrokerMessageListener] Attempt to create session.
[2026-08-26 15:02:57Z INFO BrokerMessageListener] Connecting to the Broker Server...
[2026-08-26 15:02:57Z INFO ConfigurationStore] HasCredentials()
[2026-08-26 15:02:57Z INFO ConfigurationStore] stored True
[2026-08-26 15:02:57Z INFO CredentialManager] GetCredentialProvider
[2026-08-26 15:02:57Z INFO CredentialManager] Creating type OAuth
[2026-08-26 15:02:57Z INFO CredentialManager] Creating credential type: OAuth
[2026-08-26 15:02:57Z INFO RSAEncryptedFileKeyManager] Loading RSA key parameters from file F:\Github_learning_actions\actions-runner\.credentials_rsaparams
[2026-08-26 15:02:57Z INFO BrokerMessageListener] VssConnection created
[2026-08-26 15:02:57Z INFO BrokerMessageListener] Connecting to the Runner server...
[2026-08-26 15:02:57Z INFO RunnerServer] EstablishVssConnection
[2026-08-26 15:02:57Z INFO RunnerServer] Establish connection with 100 seconds timeout.
[2026-08-26 15:02:57Z INFO GitHubActionsService] Starting operation Location.GetConnectionData
[2026-08-26 15:02:57Z INFO RunnerServer] EstablishVssConnection
[2026-08-26 15:02:57Z INFO RunnerServer] Establish connection with 60 seconds timeout.
[2026-08-26 15:02:57Z INFO GitHubActionsService] Starting operation Location.GetConnectionData
[2026-08-26 15:02:57Z INFO RunnerServer] EstablishVssConnection
[2026-08-26 15:02:57Z INFO RunnerServer] Establish connection with 60 seconds timeout.
[2026-08-26 15:02:57Z INFO GitHubActionsService] Starting operation Location.GetConnectionData
[2026-08-26 15:02:58Z INFO GitHubActionsService] Finished operation Location.GetConnectionData
[2026-08-26 15:02:58Z INFO GitHubActionsService] Finished operation Location.GetConnectionData
[2026-08-26 15:02:58Z INFO GitHubActionsService] Finished operation Location.GetConnectionData
[2026-08-26 15:02:58Z INFO BrokerMessageListener] VssConnection created
[2026-08-26 15:02:58Z INFO Terminal] WRITE LINE: 
[2026-08-26 15:02:58Z INFO Terminal] WRITE LINE: 
[2026-08-26 15:02:58Z INFO RSAEncryptedFileKeyManager] Loading RSA key parameters from file F:\Github_learning_actions\actions-runner\.credentials_rsaparams
[2026-08-26 15:02:58Z INFO RSAEncryptedFileKeyManager] Loading RSA key parameters from file F:\Github_learning_actions\actions-runner\.credentials_rsaparams
[2026-08-26 15:02:59Z INFO GitHubActionsService] AAD Correlation ID for this token request: Unknown
[2026-08-26 15:03:00Z INFO BrokerMessageListener] Session created.
[2026-08-26 15:03:00Z INFO Terminal] WRITE LINE: Current runner version: '2.336.0'
[2026-08-26 15:03:00Z INFO Terminal] WRITE LINE: 2026-08-26 15:03:00Z: Listening for Jobs
[2026-08-26 15:03:00Z INFO JobDispatcher] Set runner/worker IPC timeout to 30 seconds.
[2026-08-26 15:20:35Z WARN GitHubActionsService] GET request to https://broker.actions.githubusercontent.com/message?sessionId=bcf4a6c1-6304-4269-a231-2731918ca490&status=Online&runnerVersion=2.336.0&os=Windows&architecture=X64&disableUpdate=false timed out after 100 seconds.
[2026-08-26 15:20:35Z ERR  BrokerServer] Catch exception during request
[2026-08-26 15:20:35Z ERR  BrokerServer] System.TimeoutException: The HTTP request timed out after 00:01:40.
 ---> System.Threading.Tasks.TaskCanceledException: The operation was canceled.
 ---> System.IO.IOException: Unable to read data from the transport connection: The I/O operation has been aborted because of either a thread exit or an application request..
 ---> System.Net.Sockets.SocketException (995): The I/O operation has been aborted because of either a thread exit or an application request.
   --- End of inner exception stack trace ---
   at System.Net.Sockets.Socket.AwaitableSocketAsyncEventArgs.ThrowException(SocketError error, CancellationToken cancellationToken)
   at System.Net.Sockets.Socket.AwaitableSocketAsyncEventArgs.System.Threading.Tasks.Sources.IValueTaskSource<System.Int32>.GetResult(Int16 token)
   at System.Net.Security.SslStream.EnsureFullTlsFrameAsync[TIOAdapter](CancellationToken cancellationToken, Int32 estimatedSize)
   at System.Runtime.CompilerServices.PoolingAsyncValueTaskMethodBuilder`1.StateMachineBox`1.System.Threading.Tasks.Sources.IValueTaskSource<TResult>.GetResult(Int16 token)
   at System.Net.Security.SslStream.ReadAsyncInternal[TIOAdapter](Memory`1 buffer, CancellationToken cancellationToken)
   at System.Runtime.CompilerServices.PoolingAsyncValueTaskMethodBuilder`1.StateMachineBox`1.System.Threading.Tasks.Sources.IValueTaskSource<TResult>.GetResult(Int16 token)
   at System.Net.Http.HttpConnection.SendAsync(HttpRequestMessage request, Boolean async, CancellationToken cancellationToken)
   --- End of inner exception stack trace ---
   at System.Net.Http.HttpConnection.SendAsync(HttpRequestMessage request, Boolean async, CancellationToken cancellationToken)
   at System.Net.Http.AuthenticationHelper.SendWithNtAuthAsync(HttpRequestMessage request, Uri authUri, Boolean async, ICredentials credentials, Boolean isProxyAuth, HttpConnection connection, HttpConnectionPool connectionPool, CancellationToken cancellationToken)
   at System.Net.Http.HttpConnectionPool.SendWithVersionDetectionAndRetryAsync(HttpRequestMessage request, Boolean async, Boolean doRequestAuth, CancellationToken cancellationToken)
   at System.Net.Http.AuthenticationHelper.SendWithAuthAsync(HttpRequestMessage request, Uri authUri, Boolean async, ICredentials credentials, Boolean preAuthenticate, Boolean isProxyAuth, Boolean doRequestAuth, HttpConnectionPool pool, CancellationToken cancellationToken)
   at System.Net.Http.RedirectHandler.SendAsync(HttpRequestMessage request, Boolean async, CancellationToken cancellationToken)
   at GitHub.Services.Common.RawHttpMessageHandler.SendAsync(HttpRequestMessage request, CancellationToken cancellationToken)
   --- End of inner exception stack trace ---
   at GitHub.Services.Common.RawHttpMessageHandler.SendAsync(HttpRequestMessage request, CancellationToken cancellationToken)
   at GitHub.Services.Common.VssHttpRetryMessageHandler.SendAsync(HttpRequestMessage request, CancellationToken cancellationToken)
   at System.Net.Http.HttpClient.<SendAsync>g__Core|83_0(HttpRequestMessage request, HttpCompletionOption completionOption, CancellationTokenSource cts, Boolean disposeCts, CancellationTokenSource pendingRequestsCts, CancellationToken originalCancellationToken)
   at Sdk.WebApi.WebApi.RawHttpClientBase.SendAsync(HttpRequestMessage message, HttpCompletionOption completionOption, Object userState, CancellationToken cancellationToken)
   at Sdk.WebApi.WebApi.RawHttpClientBase.SendAsync[T](HttpRequestMessage message, Boolean readErrorBody, Object userState, CancellationToken cancellationToken)
   at Sdk.WebApi.WebApi.RawHttpClientBase.SendAsync[T](HttpMethod method, IEnumerable`1 additionalHeaders, Uri requestUri, HttpContent content, IEnumerable`1 queryParameters, Boolean readErrorBody, Object userState, CancellationToken cancellationToken)
   at GitHub.Actions.RunService.WebApi.BrokerHttpClient.GetRunnerMessageAsync(Nullable`1 sessionId, String runnerVersion, Nullable`1 status, String os, String architecture, Nullable`1 disableUpdate, CancellationToken cancellationToken)
   at GitHub.Runner.Common.BrokerServer.<>c__DisplayClass7_0.<<GetRunnerMessageAsync>b__0>d.MoveNext()
--- End of stack trace from previous location ---
   at GitHub.Runner.Common.RunnerService.RetryRequest[T](Func`1 func, CancellationToken cancellationToken, Int32 maxAttempts, Func`2 shouldRetry)
[2026-08-26 15:20:35Z ERR  BrokerServer] #####################################################
[2026-08-26 15:20:35Z ERR  BrokerServer] System.Threading.Tasks.TaskCanceledException: The operation was canceled.
 ---> System.IO.IOException: Unable to read data from the transport connection: The I/O operation has been aborted because of either a thread exit or an application request..
 ---> System.Net.Sockets.SocketException (995): The I/O operation has been aborted because of either a thread exit or an application request.
   --- End of inner exception stack trace ---
   at System.Net.Sockets.Socket.AwaitableSocketAsyncEventArgs.ThrowException(SocketError error, CancellationToken cancellationToken)
   at System.Net.Sockets.Socket.AwaitableSocketAsyncEventArgs.System.Threading.Tasks.Sources.IValueTaskSource<System.Int32>.GetResult(Int16 token)
   at System.Net.Security.SslStream.EnsureFullTlsFrameAsync[TIOAdapter](CancellationToken cancellationToken, Int32 estimatedSize)
   at System.Runtime.CompilerServices.PoolingAsyncValueTaskMethodBuilder`1.StateMachineBox`1.System.Threading.Tasks.Sources.IValueTaskSource<TResult>.GetResult(Int16 token)
   at System.Net.Security.SslStream.ReadAsyncInternal[TIOAdapter](Memory`1 buffer, CancellationToken cancellationToken)
   at System.Runtime.CompilerServices.PoolingAsyncValueTaskMethodBuilder`1.StateMachineBox`1.System.Threading.Tasks.Sources.IValueTaskSource<TResult>.GetResult(Int16 token)
   at System.Net.Http.HttpConnection.SendAsync(HttpRequestMessage request, Boolean async, CancellationToken cancellationToken)
   --- End of inner exception stack trace ---
   at System.Net.Http.HttpConnection.SendAsync(HttpRequestMessage request, Boolean async, CancellationToken cancellationToken)
   at System.Net.Http.AuthenticationHelper.SendWithNtAuthAsync(HttpRequestMessage request, Uri authUri, Boolean async, ICredentials credentials, Boolean isProxyAuth, HttpConnection connection, HttpConnectionPool connectionPool, CancellationToken cancellationToken)
   at System.Net.Http.HttpConnectionPool.SendWithVersionDetectionAndRetryAsync(HttpRequestMessage request, Boolean async, Boolean doRequestAuth, CancellationToken cancellationToken)
   at System.Net.Http.AuthenticationHelper.SendWithAuthAsync(HttpRequestMessage request, Uri authUri, Boolean async, ICredentials credentials, Boolean preAuthenticate, Boolean isProxyAuth, Boolean doRequestAuth, HttpConnectionPool pool, CancellationToken cancellationToken)
   at System.Net.Http.RedirectHandler.SendAsync(HttpRequestMessage request, Boolean async, CancellationToken cancellationToken)
   at GitHub.Services.Common.RawHttpMessageHandler.SendAsync(HttpRequestMessage request, CancellationToken cancellationToken)
[2026-08-26 15:20:35Z ERR  BrokerServer] #####################################################
[2026-08-26 15:20:35Z ERR  BrokerServer] System.IO.IOException: Unable to read data from the transport connection: The I/O operation has been aborted because of either a thread exit or an application request..
 ---> System.Net.Sockets.SocketException (995): The I/O operation has been aborted because of either a thread exit or an application request.
   --- End of inner exception stack trace ---
   at System.Net.Sockets.Socket.AwaitableSocketAsyncEventArgs.ThrowException(SocketError error, CancellationToken cancellationToken)
   at System.Net.Sockets.Socket.AwaitableSocketAsyncEventArgs.System.Threading.Tasks.Sources.IValueTaskSource<System.Int32>.GetResult(Int16 token)
   at System.Net.Security.SslStream.EnsureFullTlsFrameAsync[TIOAdapter](CancellationToken cancellationToken, Int32 estimatedSize)
   at System.Runtime.CompilerServices.PoolingAsyncValueTaskMethodBuilder`1.StateMachineBox`1.System.Threading.Tasks.Sources.IValueTaskSource<TResult>.GetResult(Int16 token)
   at System.Net.Security.SslStream.ReadAsyncInternal[TIOAdapter](Memory`1 buffer, CancellationToken cancellationToken)
   at System.Runtime.CompilerServices.PoolingAsyncValueTaskMethodBuilder`1.StateMachineBox`1.System.Threading.Tasks.Sources.IValueTaskSource<TResult>.GetResult(Int16 token)
   at System.Net.Http.HttpConnection.SendAsync(HttpRequestMessage request, Boolean async, CancellationToken cancellationToken)
[2026-08-26 15:20:35Z ERR  BrokerServer] #####################################################
[2026-08-26 15:20:35Z ERR  BrokerServer] System.Net.Sockets.SocketException (995): The I/O operation has been aborted because of either a thread exit or an application request.
[2026-08-26 15:20:35Z WARN BrokerServer] Back off 11.428 seconds before next retry. 4 attempt left.
[2026-08-26 15:20:47Z WARN GitHubActionsService] Attempt 1 of GET request to https://broker.actions.githubusercontent.com/message?sessionId=bcf4a6c1-6304-4269-a231-2731918ca490&status=Online&runnerVersion=2.336.0&os=Windows&architecture=X64&disableUpdate=false failed (Socket Error: HostNotFound). The operation will be retried in 10.912 seconds.
[2026-08-26 15:20:58Z WARN GitHubActionsService] Attempt 2 of GET request to https://broker.actions.githubusercontent.com/message?sessionId=bcf4a6c1-6304-4269-a231-2731918ca490&status=Online&runnerVersion=2.336.0&os=Windows&architecture=X64&disableUpdate=false failed (Socket Error: HostNotFound). The operation will be retried in 12.739 seconds.
[2026-08-26 15:21:10Z WARN GitHubActionsService] Attempt 3 of GET request to https://broker.actions.githubusercontent.com/message?sessionId=bcf4a6c1-6304-4269-a231-2731918ca490&status=Online&runnerVersion=2.336.0&os=Windows&architecture=X64&disableUpdate=false failed (Socket Error: HostNotFound). The operation will be retried in 18.267 seconds.
[2026-08-26 15:21:29Z ERR  GitHubActionsService] Attempt 4 of GET request to https://broker.actions.githubusercontent.com/message?sessionId=bcf4a6c1-6304-4269-a231-2731918ca490&status=Online&runnerVersion=2.336.0&os=Windows&architecture=X64&disableUpdate=false failed (Socket Error: HostNotFound). The maximum number of attempts has been reached.
[2026-08-26 15:21:29Z ERR  BrokerServer] Catch exception during request
[2026-08-26 15:21:29Z ERR  BrokerServer] System.Net.Http.HttpRequestException: No such host is known. (broker.actions.githubusercontent.com:443)
 ---> System.Net.Sockets.SocketException (11001): No such host is known.
   at System.Net.Sockets.Socket.AwaitableSocketAsyncEventArgs.ThrowException(SocketError error, CancellationToken cancellationToken)
   at System.Net.Sockets.Socket.AwaitableSocketAsyncEventArgs.System.Threading.Tasks.Sources.IValueTaskSource.GetResult(Int16 token)
   at System.Net.Sockets.Socket.<ConnectAsync>g__WaitForConnectWithCancellation|285_0(AwaitableSocketAsyncEventArgs saea, ValueTask connectTask, CancellationToken cancellationToken)
   at System.Net.Http.HttpConnectionPool.ConnectToTcpHostAsync(String host, Int32 port, HttpRequestMessage initialRequest, Boolean async, CancellationToken cancellationToken)
   --- End of inner exception stack trace ---
   at GitHub.Services.Common.VssHttpRetryMessageHandler.SendAsync(HttpRequestMessage request, CancellationToken cancellationToken)
   at System.Net.Http.HttpClient.<SendAsync>g__Core|83_0(HttpRequestMessage request, HttpCompletionOption completionOption, CancellationTokenSource cts, Boolean disposeCts, CancellationTokenSource pendingRequestsCts, CancellationToken originalCancellationToken)
   at Sdk.WebApi.WebApi.RawHttpClientBase.SendAsync(HttpRequestMessage message, HttpCompletionOption completionOption, Object userState, CancellationToken cancellationToken)
   at Sdk.WebApi.WebApi.RawHttpClientBase.SendAsync[T](HttpRequestMessage message, Boolean readErrorBody, Object userState, CancellationToken cancellationToken)
   at Sdk.WebApi.WebApi.RawHttpClientBase.SendAsync[T](HttpMethod method, IEnumerable`1 additionalHeaders, Uri requestUri, HttpContent content, IEnumerable`1 queryParameters, Boolean readErrorBody, Object userState, CancellationToken cancellationToken)
   at GitHub.Actions.RunService.WebApi.BrokerHttpClient.GetRunnerMessageAsync(Nullable`1 sessionId, String runnerVersion, Nullable`1 status, String os, String architecture, Nullable`1 disableUpdate, CancellationToken cancellationToken)
   at GitHub.Runner.Common.BrokerServer.<>c__DisplayClass7_0.<<GetRunnerMessageAsync>b__0>d.MoveNext()
--- End of stack trace from previous location ---
   at GitHub.Runner.Common.RunnerService.RetryRequest[T](Func`1 func, CancellationToken cancellationToken, Int32 maxAttempts, Func`2 shouldRetry)
[2026-08-26 15:21:29Z ERR  BrokerServer] #####################################################
[2026-08-26 15:21:29Z ERR  BrokerServer] System.Net.Sockets.SocketException (11001): No such host is known.
   at System.Net.Sockets.Socket.AwaitableSocketAsyncEventArgs.ThrowException(SocketError error, CancellationToken cancellationToken)
   at System.Net.Sockets.Socket.AwaitableSocketAsyncEventArgs.System.Threading.Tasks.Sources.IValueTaskSource.GetResult(Int16 token)
   at System.Net.Sockets.Socket.<ConnectAsync>g__WaitForConnectWithCancellation|285_0(AwaitableSocketAsyncEventArgs saea, ValueTask connectTask, CancellationToken cancellationToken)
   at System.Net.Http.HttpConnectionPool.ConnectToTcpHostAsync(String host, Int32 port, HttpRequestMessage initialRequest, Boolean async, CancellationToken cancellationToken)
[2026-08-26 15:21:29Z WARN BrokerServer] Back off 10.552 seconds before next retry. 3 attempt left.
[2026-08-26 15:21:39Z WARN GitHubActionsService] Attempt 1 of GET request to https://broker.actions.githubusercontent.com/message?sessionId=bcf4a6c1-6304-4269-a231-2731918ca490&status=Online&runnerVersion=2.336.0&os=Windows&architecture=X64&disableUpdate=false failed (Socket Error: HostNotFound). The operation will be retried in 11.198 seconds.
[2026-08-26 15:21:50Z WARN GitHubActionsService] Attempt 2 of GET request to https://broker.actions.githubusercontent.com/message?sessionId=bcf4a6c1-6304-4269-a231-2731918ca490&status=Online&runnerVersion=2.336.0&os=Windows&architecture=X64&disableUpdate=false failed (Socket Error: HostNotFound). The operation will be retried in 13.291 seconds.
[2026-08-26 15:22:04Z WARN GitHubActionsService] Attempt 3 of GET request to https://broker.actions.githubusercontent.com/message?sessionId=bcf4a6c1-6304-4269-a231-2731918ca490&status=Online&runnerVersion=2.336.0&os=Windows&architecture=X64&disableUpdate=false failed (Socket Error: HostNotFound). The operation will be retried in 18.393 seconds.
[2026-08-26 15:32:52Z INFO Runner] Received RunnerRefreshConfigMessage for 'runner' config file
[2026-08-26 15:32:52Z INFO RunnerConfigUpdater] Verifying runner qualified id: U_kgDOBItsWw/R_kgDOUE6I2A/self-hosted/2
[2026-08-26 15:32:52Z INFO HostContext] Well known directory 'Bin': 'F:\Github_learning_actions\actions-runner\bin'
[2026-08-26 15:32:52Z INFO HostContext] Well known directory 'Root': 'F:\Github_learning_actions\actions-runner'
[2026-08-26 15:32:52Z INFO HostContext] Well known config file 'Runner': 'F:\Github_learning_actions\actions-runner\.runner'
[2026-08-26 15:32:53Z INFO RSAEncryptedFileKeyManager] Loading RSA key parameters from file F:\Github_learning_actions\actions-runner\.credentials_rsaparams
[2026-08-26 15:32:53Z INFO RSAEncryptedFileKeyManager] Loading RSA key parameters from file F:\Github_learning_actions\actions-runner\.credentials_rsaparams
[2026-08-26 15:32:55Z INFO GitHubActionsService] AAD Correlation ID for this token request: Unknown
[2026-08-26 15:32:55Z INFO ConfigurationStore] Saving runner migrated settings
[2026-08-26 15:32:55Z INFO ConfigurationStore] Migrated Settings Saved.
[2026-08-26 15:32:55Z INFO Runner] Runner configuration was updated. Session restart has been scheduled
[2026-08-26 15:32:55Z INFO Runner] Pending session restart detected and job dispatcher is not busy. Restarting session now.
[2026-08-26 15:32:55Z INFO JobDispatcher] Shutting down JobDispatcher. Make sure all WorkerDispatcher has finished.
[2026-08-26 15:32:55Z INFO Runner] Deleting Runner Session...
[2026-08-26 15:32:55Z INFO Runner] Restarting runner session after config update...
[2026-08-26 15:32:55Z INFO Runner] Runner configuration was refreshed, restarting session...
[2026-08-26 15:32:55Z INFO ConfigurationManager] LoadSettings
[2026-08-26 15:32:55Z INFO ConfigurationStore] IsConfigured()
[2026-08-26 15:32:55Z INFO ConfigurationStore] IsConfigured: True
[2026-08-26 15:32:55Z INFO ConfigurationManager] Is configured: True
[2026-08-26 15:32:55Z INFO ConfigurationManager] Settings Loaded
[2026-08-26 15:32:55Z INFO Runner] RunAsync
[2026-08-26 15:32:55Z INFO HostContext] Well known directory 'Bin': 'F:\Github_learning_actions\actions-runner\bin'
[2026-08-26 15:32:55Z INFO HostContext] Well known directory 'Root': 'F:\Github_learning_actions\actions-runner'
[2026-08-26 15:32:55Z INFO HostContext] Well known directory 'Work': 'F:\Github_learning_actions\actions-runner\_work'
[2026-08-26 15:32:55Z INFO Runner] Validating directory permissions for: 'F:\Github_learning_actions\actions-runner\_work'
[2026-08-26 15:32:55Z INFO ConfigurationManager] LoadMigratedSettings
[2026-08-26 15:32:55Z INFO ConfigurationStore] IsMigratedConfigured()
[2026-08-26 15:32:55Z INFO ConfigurationStore] IsMigratedConfigured: True
[2026-08-26 15:32:55Z INFO ConfigurationStore] Read migrated setting file: 407 chars
[2026-08-26 15:32:55Z INFO ConfigurationManager] Migrated Settings Loaded
[2026-08-26 15:32:55Z INFO Runner] Loaded migrated settings from .runner_migrated file
[2026-08-26 15:32:55Z INFO Runner] {
  "AgentId": 2,
  "AgentName": "KARAN",
  "PoolId": 1,
  "PoolName": "Default",
  "ServerUrl": "https://pipelinesghubeus24.actions.githubusercontent.com/TN1L1Znnrq6NrqaICyWGZ7JezPEaPokxAwucP28eZpglqk63wx/",
  "GitHubUrl": "https://github.com/sourabhprajapati22/github_actions_test",
  "WorkFolder": "_work",
  "UseV2Flow": true,
  "ServerUrlV2": "https://broker.actions.githubusercontent.com/"
}
[2026-08-26 15:32:55Z INFO Runner] Attempting to create session using migrated settings
[2026-08-26 15:32:55Z INFO Runner] Using BrokerMessageListener
[2026-08-26 15:32:55Z INFO BrokerMessageListener] Using provided settings
[2026-08-26 15:32:55Z INFO BrokerMessageListener] Using migrated settings from .runner_migrated
[2026-08-26 15:32:55Z INFO BrokerMessageListener] {
  "AgentId": 2,
  "AgentName": "KARAN",
  "PoolId": 1,
  "PoolName": "Default",
  "ServerUrl": "https://pipelinesghubeus24.actions.githubusercontent.com/TN1L1Znnrq6NrqaICyWGZ7JezPEaPokxAwucP28eZpglqk63wx/",
  "GitHubUrl": "https://github.com/sourabhprajapati22/github_actions_test",
  "WorkFolder": "_work",
  "UseV2Flow": true,
  "ServerUrlV2": "https://broker.actions.githubusercontent.com/"
}
[2026-08-26 15:32:55Z INFO BrokerMessageListener] Loading Credentials
[2026-08-26 15:32:55Z INFO ConfigurationStore] HasCredentials()
[2026-08-26 15:32:55Z INFO ConfigurationStore] stored True
[2026-08-26 15:32:55Z INFO CredentialManager] GetCredentialProvider
[2026-08-26 15:32:55Z INFO CredentialManager] Creating type OAuth
[2026-08-26 15:32:55Z INFO CredentialManager] Creating credential type: OAuth
[2026-08-26 15:32:55Z INFO RSAEncryptedFileKeyManager] Loading RSA key parameters from file F:\Github_learning_actions\actions-runner\.credentials_rsaparams
[2026-08-26 15:32:55Z INFO BrokerMessageListener] Attempt to create session.
[2026-08-26 15:32:55Z INFO BrokerMessageListener] Connecting to the Broker Server...
[2026-08-26 15:32:55Z INFO ConfigurationStore] HasCredentials()
[2026-08-26 15:32:55Z INFO ConfigurationStore] stored True
[2026-08-26 15:32:55Z INFO CredentialManager] GetCredentialProvider
[2026-08-26 15:32:55Z INFO CredentialManager] Creating type OAuth
[2026-08-26 15:32:55Z INFO CredentialManager] Creating credential type: OAuth
[2026-08-26 15:32:55Z INFO RSAEncryptedFileKeyManager] Loading RSA key parameters from file F:\Github_learning_actions\actions-runner\.credentials_rsaparams
[2026-08-26 15:32:55Z INFO BrokerMessageListener] VssConnection created
[2026-08-26 15:32:55Z INFO BrokerMessageListener] Connecting to the Runner server...
[2026-08-26 15:32:55Z INFO RunnerServer] EstablishVssConnection
[2026-08-26 15:32:55Z INFO RunnerServer] Establish connection with 100 seconds timeout.
[2026-08-26 15:32:55Z INFO GitHubActionsService] Starting operation Location.GetConnectionData
[2026-08-26 15:32:55Z INFO RunnerServer] EstablishVssConnection
[2026-08-26 15:32:55Z INFO RunnerServer] Establish connection with 60 seconds timeout.
[2026-08-26 15:32:55Z INFO GitHubActionsService] Starting operation Location.GetConnectionData
[2026-08-26 15:32:55Z INFO RunnerServer] EstablishVssConnection
[2026-08-26 15:32:55Z INFO RunnerServer] Establish connection with 60 seconds timeout.
[2026-08-26 15:32:55Z INFO GitHubActionsService] Starting operation Location.GetConnectionData
[2026-08-26 15:32:56Z INFO GitHubActionsService] Finished operation Location.GetConnectionData
[2026-08-26 15:32:56Z INFO GitHubActionsService] Finished operation Location.GetConnectionData
[2026-08-26 15:32:56Z INFO GitHubActionsService] Finished operation Location.GetConnectionData
[2026-08-26 15:32:56Z INFO BrokerMessageListener] VssConnection created
[2026-08-26 15:32:56Z INFO Terminal] WRITE LINE: 
[2026-08-26 15:32:56Z INFO Terminal] WRITE LINE: 
[2026-08-26 15:32:56Z INFO RSAEncryptedFileKeyManager] Loading RSA key parameters from file F:\Github_learning_actions\actions-runner\.credentials_rsaparams
[2026-08-26 15:32:56Z INFO RSAEncryptedFileKeyManager] Loading RSA key parameters from file F:\Github_learning_actions\actions-runner\.credentials_rsaparams
[2026-08-26 15:32:57Z INFO GitHubActionsService] AAD Correlation ID for this token request: Unknown
[2026-08-26 15:32:58Z INFO BrokerMessageListener] Session created.
[2026-08-26 15:32:58Z INFO Runner] Successfully created session with migrated settings
[2026-08-26 15:32:58Z INFO Terminal] WRITE LINE: Current runner version: '2.336.0'
[2026-08-26 15:32:58Z INFO Terminal] WRITE LINE: 2026-08-26 15:32:58Z: Listening for Jobs
[2026-08-26 15:32:58Z INFO JobDispatcher] Set runner/worker IPC timeout to 30 seconds.
