[2026-08-26 14:09:12Z INFO HostContext] No proxy settings were found based on environmental variables (http_proxy/https_proxy/HTTP_PROXY/HTTPS_PROXY)
[2026-08-26 14:09:12Z INFO HostContext] Well known directory 'Bin': 'F:\Github_learning_actions\actions-runner\bin'
[2026-08-26 14:09:12Z INFO HostContext] Well known directory 'Root': 'F:\Github_learning_actions\actions-runner'
[2026-08-26 14:09:12Z INFO HostContext] Well known config file 'Credentials': 'F:\Github_learning_actions\actions-runner\.credentials'
[2026-08-26 14:09:12Z INFO HostContext] Well known directory 'Bin': 'F:\Github_learning_actions\actions-runner\bin'
[2026-08-26 14:09:12Z INFO HostContext] Well known directory 'Root': 'F:\Github_learning_actions\actions-runner'
[2026-08-26 14:09:12Z INFO HostContext] Well known config file 'Runner': 'F:\Github_learning_actions\actions-runner\.runner'
[2026-08-26 14:09:12Z INFO Worker] Version: 2.336.0
[2026-08-26 14:09:12Z INFO Worker] Commit: 98aabcd429c4e8402406c56ce2d26387fed3b9ce
[2026-08-26 14:09:12Z INFO Worker] Culture: en-IN
[2026-08-26 14:09:12Z INFO Worker] UI Culture: en-US
[2026-08-26 14:09:12Z INFO Worker] Waiting to receive the job message from the channel.
[2026-08-26 14:09:12Z INFO ProcessChannel] Receiving message of length 22733, with hash '8c19a845912804b46d8b5aabfee700a95f8d69cfa582e4f339929c20a4dab9ea'
[2026-08-26 14:09:12Z INFO Worker] Message received.
[2026-08-26 14:09:13Z INFO Worker] Job message:
 {
  "fileTable": [
    ".github/workflows/CI.yaml"
  ],
  "mask": [
    {
      "type": "regex",
      "value": "***"
    },
    {
      "type": "regex",
      "value": "***"
    },
    {
      "type": "regex",
      "value": "***"
    },
    {
      "type": "regex",
      "value": "***"
    },
    {
      "type": "regex",
      "value": "***"
    },
    {
      "type": "regex",
      "value": "***"
    },
    {
      "type": "regex",
      "value": "***"
    },
    {
      "type": "regex",
      "value": "***"
    },
    {
      "type": "regex",
      "value": "***"
    },
    {
      "type": "regex",
      "value": "***"
    },
    {
      "type": "regex",
      "value": "***"
    },
    {
      "type": "regex",
      "value": "***"
    },
    {
      "type": "regex",
      "value": "***"
    },
    {
      "type": "regex",
      "value": "***"
    },
    {
      "type": "regex",
      "value": "***"
    },
    {
      "type": "regex",
      "value": "***"
    },
    {
      "type": "regex",
      "value": "***"
    },
    {
      "type": "regex",
      "value": "***"
    },
    {
      "type": "regex",
      "value": "***"
    },
    {
      "type": "regex",
      "value": "***"
    },
    {
      "type": "regex",
      "value": "***"
    },
    {
      "type": "regex",
      "value": "***"
    },
    {
      "type": "regex",
      "value": "***"
    },
    {
      "type": "regex",
      "value": "***"
    }
  ],
  "steps": [
    {
      "type": "action",
      "reference": {
        "type": "script"
      },
      "displayNameToken": {
        "type": 0,
        "file": 1,
        "line": 9,
        "col": 15,
        "lit": "Check Python version"
      },
      "contextName": "__run",
      "inputs": {
        "type": 2,
        "map": [
          {
            "key": "script",
            "value": {
              "type": 0,
              "file": 1,
              "line": 10,
              "col": 14,
              "lit": "python --version"
            }
          }
        ]
      },
      "condition": "success()",
      "id": "cd2c6d6f-b856-4020-9380-aedfc5f827d5",
      "name": "__run"
    }
  ],
  "variables": {
    "Actions.EnableHttpRedirects": {
      "value": "true"
    },
    "DistributedTask.AddWarningToNode12Action": {
      "value": "true"
    },
    "DistributedTask.AddWarningToNode16Action": {
      "value": "true"
    },
    "DistributedTask.AllowRunnerContainerHooks": {
      "value": "true"
    },
    "DistributedTask.DeprecateStepOutputCommands": {
      "value": "true"
    },
    "DistributedTask.DetailUntarFailure": {
      "value": "true"
    },
    "DistributedTask.EnableCompositeActions": {
      "value": "true"
    },
    "DistributedTask.EnableJobServerQueueTelemetry": {
      "value": "true"
    },
    "DistributedTask.EnhancedAnnotations": {
      "value": "true"
    },
    "DistributedTask.ForceGithubJavascriptActionsToNode16": {
      "value": "true"
    },
    "DistributedTask.ForceGithubJavascriptActionsToNode20": {
      "value": "true"
    },
    "DistributedTask.LogTemplateErrorsAsDebugMessages": {
      "value": "true"
    },
    "DistributedTask.MarkJobAsFailedOnWorkerCrash": {
      "value": "true"
    },
    "DistributedTask.NewActionMetadata": {
      "value": "true"
    },
    "DistributedTask.UploadStepSummary": {
      "value": "true"
    },
    "DistributedTask.UseActionArchiveCache": {
      "value": "true"
    },
    "DistributedTask.UseWhich2": {
      "value": "true"
    },
    "RunService.FixEmbeddedIssues": {
      "value": "true"
    },
    "actions.runner.requirenode24": {
      "value": "false"
    },
    "actions.runner.usenode24bydefault": {
      "value": "true"
    },
    "actions.runner.warnonnode20": {
      "value": "true"
    },
    "actions_add_check_run_id_to_job_context": {
      "value": "true"
    },
    "actions_batch_action_resolution": {
      "value": "false"
    },
    "actions_container_action_runner_temp": {
      "value": "true"
    },
    "actions_display_helpful_actions_download_errors": {
      "value": "true"
    },
    "actions_runner_allow_artifacts_file": {
      "value": "false"
    },
    "actions_runner_compare_workflow_parser": {
      "value": "false"
    },
    "actions_runner_deprecate_linux_arm32": {
      "value": "true"
    },
    "actions_runner_emit_composite_markers": {
      "value": "true"
    },
    "actions_runner_kill_linux_arm32": {
      "value": "false"
    },
    "actions_runner_node20_removal_date": {
      "value": ""
    },
    "actions_runner_node24_default_date": {
      "value": "June 16th, 2026"
    },
    "actions_self_repository": {
      "value": "true"
    },
    "actions_service_container_command": {
      "value": "true"
    },
    "actions_set_orchestration_id_env_for_actions": {
      "value": "true"
    },
    "actions_skip_retry_complete_job_upon_known_errors": {
      "value": "true"
    },
    "actions_snapshot_preflight_hosted_runner_check": {
      "value": "false"
    },
    "actions_snapshot_preflight_image_gen_pool_check": {
      "value": "false"
    },
    "actions_use_bearer_token_for_codeload": {
      "value": "false"
    },
    "actions_uses_cache_service_v2": {
      "value": "true"
    },
    "github_token": {
      "value": "***",
      "isSecret": true
    },
    "system.from_run_service": {
      "value": "true"
    },
    "system.github.job": {
      "value": "test"
    },
    "system.github.launch_endpoint": {
      "value": "https://launch.actions.githubusercontent.com"
    },
    "system.github.results_endpoint": {
      "value": "https://results-receiver.actions.githubusercontent.com/"
    },
    "system.github.results_upload_with_sdk": {
      "value": "true"
    },
    "system.github.token": {
      "value": "***",
      "isSecret": true
    },
    "system.github.token.permissions": {
      "value": "{\"Contents\":\"read\",\"Metadata\":\"read\",\"Packages\":\"read\"}"
    },
    "system.orchestrationId": {
      "value": "02043521-f851-4082-84a5-2488b2910556.test.__default"
    },
    "system.phaseDisplayName": {
      "value": "test"
    },
    "system.runner.lowdiskspacethreshold": {
      "value": "100"
    },
    "system.runnerEnvironment": {
      "value": "self-hosted"
    },
    "system.runnerGroupName": {
      "value": "Default"
    }
  },
  "messageType": "RunnerJobRequest",
  "plan": {
    "scopeIdentifier": "00000000-0000-0000-0000-000000000000",
    "planType": "actions",
    "version": 0,
    "planId": "02043521-f851-4082-84a5-2488b2910556",
    "planGroup": null,
    "artifactUri": null,
    "artifactLocation": null,
    "definition": null,
    "owner": null
  },
  "timeline": {
    "id": "02043521-f851-4082-84a5-2488b2910556",
    "changeId": 0,
    "location": null
  },
  "jobId": "61edf92f-2540-517b-88f2-d4e1103c11e2",
  "jobDisplayName": "test",
  "jobName": "__default",
  "requestId": 0,
  "lockedUntil": "0001-01-01T00:00:00",
  "resources": {
    "endpoints": [
      {
        "data": {
          "ServerId": "",
          "ServerName": "",
          "CacheServerUrl": "https://artifactcache.actions.githubusercontent.com/TN1L1Znnrq6NrqaICyWGZ7JezPEaPokxAwucP28eZpglqk63wx/",
          "FeedStreamUrl": "wss://results-receiver.actions.githubusercontent.com/_ws/ingest.sock",
          "ResultsServiceUrl": "https://results-receiver.actions.githubusercontent.com/",
          "PipelinesServiceUrl": "https://pipelinesghubeus24.actions.githubusercontent.com/TN1L1Znnrq6NrqaICyWGZ7JezPEaPokxAwucP28eZpglqk63wx/",
          "GenerateIdTokenUrl": "",
          "ConnectivityChecks": "[\"https://broker.actions.githubusercontent.com/health\",\"https://token.actions.githubusercontent.com/ready\",\"https://run.actions.githubusercontent.com/health\"]",
          "ConnectivityAndDNSChecks": ""
        },
        "name": "SystemVssConnection",
        "url": "https://run-actions-3-azure-eastus.actions.githubusercontent.com/110/",
        "authorization": {
          "parameters": {
            "AccessToken": "***"
          },
          "scheme": "OAuth"
        },
        "isShared": false,
        "isReady": true
      }
    ]
  },
  "contextData": {
    "github": {
      "t": 2,
      "d": [
        {
          "k": "ref",
          "v": "refs/heads/main"
        },
        {
          "k": "sha",
          "v": "4ffba499de8b654042bfc883d41149d851be56d7"
        },
        {
          "k": "repository",
          "v": "sourabhprajapati22/github_actions_test"
        },
        {
          "k": "repository_owner",
          "v": "sourabhprajapati22"
        },
        {
          "k": "repository_owner_id",
          "v": "76246107"
        },
        {
          "k": "repositoryUrl",
          "v": "git://github.com/sourabhprajapati22/github_actions_test.git"
        },
        {
          "k": "run_id",
          "v": "32971407824"
        },
        {
          "k": "run_number",
          "v": "3"
        },
        {
          "k": "retention_days",
          "v": "90"
        },
        {
          "k": "run_attempt",
          "v": "2"
        },
        {
          "k": "artifact_cache_size_limit",
          "v": "10"
        },
        {
          "k": "repository_visibility",
          "v": "public"
        },
        {
          "k": "actor_id",
          "v": "76246107"
        },
        {
          "k": "actor",
          "v": "sourabhprajapati22"
        },
        {
          "k": "workflow",
          "v": "Testing Purpose"
        },
        {
          "k": "head_ref",
          "v": ""
        },
        {
          "k": "base_ref",
          "v": ""
        },
        {
          "k": "event_name",
          "v": "push"
        },
        {
          "k": "server_url",
          "v": "https://github.com"
        },
        {
          "k": "api_url",
          "v": "https://api.github.com"
        },
        {
          "k": "graphql_url",
          "v": "https://api.github.com/graphql"
        },
        {
          "k": "ref_name",
          "v": "main"
        },
        {
          "k": "ref_protected",
          "v": false
        },
        {
          "k": "ref_type",
          "v": "branch"
        },
        {
          "k": "secret_source",
          "v": "Actions"
        },
        {
          "k": "event",
          "v": {
            "t": 2,
            "d": [
              {
                "k": "after",
                "v": "4ffba499de8b654042bfc883d41149d851be56d7"
              },
              {
                "k": "base_ref",
                "v": null
              },
              {
                "k": "before",
                "v": "65309628b7fd1966aeb9017a9b87a64c5c3bb61c"
              },
              {
                "k": "commits",
                "v": {
                  "t": 1,
                  "a": [
                    {
                      "t": 2,
                      "d": [
                        {
                          "k": "author",
                          "v": {
                            "t": 2,
                            "d": [
                              {
                                "k": "email",
                                "v": "76246107+sourabhprajapati22@users.noreply.github.com"
                              },
                              {
                                "k": "name",
                                "v": "sourabh22"
                              },
                              {
                                "k": "username",
                                "v": "sourabhprajapati22"
                              }
                            ]
                          }
                        },
                        {
                          "k": "committer",
                          "v": {
                            "t": 2,
                            "d": [
                              {
                                "k": "email",
                                "v": "76246107+sourabhprajapati22@users.noreply.github.com"
                              },
                              {
                                "k": "name",
                                "v": "sourabh22"
                              },
                              {
                                "k": "username",
                                "v": "sourabhprajapati22"
                              }
                            ]
                          }
                        },
                        {
                          "k": "distinct",
                          "v": true
                        },
                        {
                          "k": "id",
                          "v": "4ffba499de8b654042bfc883d41149d851be56d7"
                        },
                        {
                          "k": "message",
                          "v": "\"fourth commit\""
                        },
                        {
                          "k": "timestamp",
                          "v": "2026-08-26T18:27:29+05:30"
                        },
                        {
                          "k": "tree_id",
                          "v": "dc478b441bd7990962e228dc6cb05bbf3ebc1875"
                        },
                        {
                          "k": "url",
                          "v": "https://github.com/sourabhprajapati22/github_actions_test/commit/4ffba499de8b654042bfc883d41149d851be56d7"
                        }
                      ]
                    }
                  ]
                }
              },
              {
                "k": "compare",
                "v": "https://github.com/sourabhprajapati22/github_actions_test/compare/65309628b7fd...4ffba499de8b"
              },
              {
                "k": "created",
                "v": false
              },
              {
                "k": "deleted",
                "v": false
              },
              {
                "k": "forced",
                "v": false
              },
              {
                "k": "head_commit",
                "v": {
                  "t": 2,
                  "d": [
                    {
                      "k": "author",
                      "v": {
                        "t": 2,
                        "d": [
                          {
                            "k": "email",
                            "v": "76246107+sourabhprajapati22@users.noreply.github.com"
                          },
                          {
                            "k": "name",
                            "v": "sourabh22"
                          },
                          {
                            "k": "username",
                            "v": "sourabhprajapati22"
                          }
                        ]
                      }
                    },
                    {
                      "k": "committer",
                      "v": {
                        "t": 2,
                        "d": [
                          {
                            "k": "email",
                            "v": "76246107+sourabhprajapati22@users.noreply.github.com"
                          },
                          {
                            "k": "name",
                            "v": "sourabh22"
                          },
                          {
                            "k": "username",
                            "v": "sourabhprajapati22"
                          }
                        ]
                      }
                    },
                    {
                      "k": "distinct",
                      "v": true
                    },
                    {
                      "k": "id",
                      "v": "4ffba499de8b654042bfc883d41149d851be56d7"
                    },
                    {
                      "k": "message",
                      "v": "\"fourth commit\""
                    },
                    {
                      "k": "timestamp",
                      "v": "2026-08-26T18:27:29+05:30"
                    },
                    {
                      "k": "tree_id",
                      "v": "dc478b441bd7990962e228dc6cb05bbf3ebc1875"
                    },
                    {
                      "k": "url",
                      "v": "https://github.com/sourabhprajapati22/github_actions_test/commit/4ffba499de8b654042bfc883d41149d851be56d7"
                    }
                  ]
                }
              },
              {
                "k": "pusher",
                "v": {
                  "t": 2,
                  "d": [
                    {
                      "k": "email",
                      "v": "76246107+sourabhprajapati22@users.noreply.github.com"
                    },
                    {
                      "k": "name",
                      "v": "sourabhprajapati22"
                    }
                  ]
                }
              },
              {
                "k": "ref",
                "v": "refs/heads/main"
              },
              {
                "k": "repository",
                "v": {
                  "t": 2,
                  "d": [
                    {
                      "k": "allow_forking",
                      "v": true
                    },
                    {
                      "k": "archive_url",
                      "v": "https://api.github.com/repos/sourabhprajapati22/github_actions_test/{archive_format}{/ref}"
                    },
                    {
                      "k": "archived",
                      "v": false
                    },
                    {
                      "k": "assignees_url",
                      "v": "https://api.github.com/repos/sourabhprajapati22/github_actions_test/assignees{/user}"
                    },
                    {
                      "k": "blobs_url",
                      "v": "https://api.github.com/repos/sourabhprajapati22/github_actions_test/git/blobs{/sha}"
                    },
                    {
                      "k": "branches_url",
                      "v": "https://api.github.com/repos/sourabhprajapati22/github_actions_test/branches{/branch}"
                    },
                    {
                      "k": "clone_url",
                      "v": "https://github.com/sourabhprajapati22/github_actions_test.git"
                    },
                    {
                      "k": "collaborators_url",
                      "v": "https://api.github.com/repos/sourabhprajapati22/github_actions_test/collaborators{/collaborator}"
                    },
                    {
                      "k": "comments_url",
                      "v": "https://api.github.com/repos/sourabhprajapati22/github_actions_test/comments{/number}"
                    },
                    {
                      "k": "commits_url",
                      "v": "https://api.github.com/repos/sourabhprajapati22/github_actions_test/commits{/sha}"
                    },
                    {
                      "k": "compare_url",
                      "v": "https://api.github.com/repos/sourabhprajapati22/github_actions_test/compare/{base}...{head}"
                    },
                    {
                      "k": "contents_url",
                      "v": "https://api.github.com/repos/sourabhprajapati22/github_actions_test/contents/{+path}"
                    },
                    {
                      "k": "contributors_url",
                      "v": "https://api.github.com/repos/sourabhprajapati22/github_actions_test/contributors"
                    },
                    {
                      "k": "created_at",
                      "v": 1787748291.0
                    },
                    {
                      "k": "default_branch",
                      "v": "main"
                    },
                    {
                      "k": "deployments_url",
                      "v": "https://api.github.com/repos/sourabhprajapati22/github_actions_test/deployments"
                    },
                    {
                      "k": "description",
                      "v": null
                    },
                    {
                      "k": "disabled",
                      "v": false
                    },
                    {
                      "k": "downloads_url",
                      "v": "https://api.github.com/repos/sourabhprajapati22/github_actions_test/downloads"
                    },
                    {
                      "k": "events_url",
                      "v": "https://api.github.com/repos/sourabhprajapati22/github_actions_test/events"
                    },
                    {
                      "k": "fork",
                      "v": false
                    },
                    {
                      "k": "forks",
                      "v": 0.0
                    },
                    {
                      "k": "forks_count",
                      "v": 0.0
                    },
                    {
                      "k": "forks_url",
                      "v": "https://api.github.com/repos/sourabhprajapati22/github_actions_test/forks"
                    },
                    {
                      "k": "full_name",
                      "v": "sourabhprajapati22/github_actions_test"
                    },
                    {
                      "k": "git_commits_url",
                      "v": "https://api.github.com/repos/sourabhprajapati22/github_actions_test/git/commits{/sha}"
                    },
                    {
                      "k": "git_refs_url",
                      "v": "https://api.github.com/repos/sourabhprajapati22/github_actions_test/git/refs{/sha}"
                    },
                    {
                      "k": "git_tags_url",
                      "v": "https://api.github.com/repos/sourabhprajapati22/github_actions_test/git/tags{/sha}"
                    },
                    {
                      "k": "git_url",
                      "v": "git://github.com/sourabhprajapati22/github_actions_test.git"
                    },
                    {
                      "k": "has_discussions",
                      "v": false
                    },
                    {
                      "k": "has_downloads",
                      "v": true
                    },
                    {
                      "k": "has_issues",
                      "v": true
                    },
                    {
                      "k": "has_pages",
                      "v": false
                    },
                    {
                      "k": "has_projects",
                      "v": true
                    },
                    {
                      "k": "has_pull_requests",
                      "v": true
                    },
                    {
                      "k": "has_wiki",
                      "v": true
                    },
                    {
                      "k": "homepage",
                      "v": null
                    },
                    {
                      "k": "hooks_url",
                      "v": "https://api.github.com/repos/sourabhprajapati22/github_actions_test/hooks"
                    },
                    {
                      "k": "html_url",
                      "v": "https://github.com/sourabhprajapati22/github_actions_test"
                    },
                    {
                      "k": "id",
                      "v": 1347324120.0
                    },
                    {
                      "k": "is_template",
                      "v": false
                    },
                    {
                      "k": "issue_comment_url",
                      "v": "https://api.github.com/repos/sourabhprajapati22/github_actions_test/issues/comments{/number}"
                    },
                    {
                      "k": "issue_events_url",
                      "v": "https://api.github.com/repos/sourabhprajapati22/github_actions_test/issues/events{/number}"
                    },
                    {
                      "k": "issues_url",
                      "v": "https://api.github.com/repos/sourabhprajapati22/github_actions_test/issues{/number}"
                    },
                    {
                      "k": "keys_url",
                      "v": "https://api.github.com/repos/sourabhprajapati22/github_actions_test/keys{/key_id}"
                    },
                    {
                      "k": "labels_url",
                      "v": "https://api.github.com/repos/sourabhprajapati22/github_actions_test/labels{/name}"
                    },
                    {
                      "k": "language",
                      "v": null
                    },
                    {
                      "k": "languages_url",
                      "v": "https://api.github.com/repos/sourabhprajapati22/github_actions_test/languages"
                    },
                    {
                      "k": "license",
                      "v": null
                    },
                    {
                      "k": "master_branch",
                      "v": "main"
                    },
                    {
                      "k": "merges_url",
                      "v": "https://api.github.com/repos/sourabhprajapati22/github_actions_test/merges"
                    },
                    {
                      "k": "milestones_url",
                      "v": "https://api.github.com/repos/sourabhprajapati22/github_actions_test/milestones{/number}"
                    },
                    {
                      "k": "mirror_url",
                      "v": null
                    },
                    {
                      "k": "name",
                      "v": "github_actions_test"
                    },
                    {
                      "k": "node_id",
                      "v": "R_kgDOUE6I2A"
                    },
                    {
                      "k": "notifications_url",
                      "v": "https://api.github.com/repos/sourabhprajapati22/github_actions_test/notifications{?since,all,participating}"
                    },
                    {
                      "k": "open_issues",
                      "v": 0.0
                    },
                    {
                      "k": "open_issues_count",
                      "v": 0.0
                    },
                    {
                      "k": "owner",
                      "v": {
                        "t": 2,
                        "d": [
                          {
                            "k": "avatar_url",
                            "v": "https://avatars.githubusercontent.com/u/76246107?v=4"
                          },
                          {
                            "k": "email",
                            "v": "76246107+sourabhprajapati22@users.noreply.github.com"
                          },
                          {
                            "k": "events_url",
                            "v": "https://api.github.com/users/sourabhprajapati22/events{/privacy}"
                          },
                          {
                            "k": "followers_url",
                            "v": "https://api.github.com/users/sourabhprajapati22/followers"
                          },
                          {
                            "k": "following_url",
                            "v": "https://api.github.com/users/sourabhprajapati22/following{/other_user}"
                          },
                          {
                            "k": "gists_url",
                            "v": "https://api.github.com/users/sourabhprajapati22/gists{/gist_id}"
                          },
                          {
                            "k": "gravatar_id",
                            "v": ""
                          },
                          {
                            "k": "html_url",
                            "v": "https://github.com/sourabhprajapati22"
                          },
                          {
                            "k": "id",
                            "v": 76246107.0
                          },
                          {
                            "k": "login",
                            "v": "sourabhprajapati22"
                          },
                          {
                            "k": "name",
                            "v": "sourabhprajapati22"
                          },
                          {
                            "k": "node_id",
                            "v": "MDQ6VXNlcjc2MjQ2MTA3"
                          },
                          {
                            "k": "organizations_url",
                            "v": "https://api.github.com/users/sourabhprajapati22/orgs"
                          },
                          {
                            "k": "received_events_url",
                            "v": "https://api.github.com/users/sourabhprajapati22/received_events"
                          },
                          {
                            "k": "repos_url",
                            "v": "https://api.github.com/users/sourabhprajapati22/repos"
                          },
                          {
                            "k": "site_admin",
                            "v": false
                          },
                          {
                            "k": "starred_url",
                            "v": "https://api.github.com/users/sourabhprajapati22/starred{/owner}{/repo}"
                          },
                          {
                            "k": "subscriptions_url",
                            "v": "https://api.github.com/users/sourabhprajapati22/subscriptions"
                          },
                          {
                            "k": "type",
                            "v": "User"
                          },
                          {
                            "k": "url",
                            "v": "https://api.github.com/users/sourabhprajapati22"
                          },
                          {
                            "k": "user_view_type",
                            "v": "public"
                          }
                        ]
                      }
                    },
                    {
                      "k": "private",
                      "v": false
                    },
                    {
                      "k": "pull_request_creation_policy",
                      "v": "all"
                    },
                    {
                      "k": "pulls_url",
                      "v": "https://api.github.com/repos/sourabhprajapati22/github_actions_test/pulls{/number}"
                    },
                    {
                      "k": "pushed_at",
                      "v": 1787749051.0
                    },
                    {
                      "k": "releases_url",
                      "v": "https://api.github.com/repos/sourabhprajapati22/github_actions_test/releases{/id}"
                    },
                    {
                      "k": "size",
                      "v": 0.0
                    },
                    {
                      "k": "ssh_url",
                      "v": "git@github.com:sourabhprajapati22/github_actions_test.git"
                    },
                    {
                      "k": "stargazers",
                      "v": 0.0
                    },
                    {
                      "k": "stargazers_count",
                      "v": 0.0
                    },
                    {
                      "k": "stargazers_url",
                      "v": "https://api.github.com/repos/sourabhprajapati22/github_actions_test/stargazers"
                    },
                    {
                      "k": "statuses_url",
                      "v": "https://api.github.com/repos/sourabhprajapati22/github_actions_test/statuses/{sha}"
                    },
                    {
                      "k": "subscribers_url",
                      "v": "https://api.github.com/repos/sourabhprajapati22/github_actions_test/subscribers"
                    },
                    {
                      "k": "subscription_url",
                      "v": "https://api.github.com/repos/sourabhprajapati22/github_actions_test/subscription"
                    },
                    {
                      "k": "svn_url",
                      "v": "https://github.com/sourabhprajapati22/github_actions_test"
                    },
                    {
                      "k": "tags_url",
                      "v": "https://api.github.com/repos/sourabhprajapati22/github_actions_test/tags"
                    },
                    {
                      "k": "teams_url",
                      "v": "https://api.github.com/repos/sourabhprajapati22/github_actions_test/teams"
                    },
                    {
                      "k": "topics",
                      "v": {
                        "t": 1
                      }
                    },
                    {
                      "k": "trees_url",
                      "v": "https://api.github.com/repos/sourabhprajapati22/github_actions_test/git/trees{/sha}"
                    },
                    {
                      "k": "updated_at",
                      "v": "2026-08-26T12:49:20Z"
                    },
                    {
                      "k": "url",
                      "v": "https://api.github.com/repos/sourabhprajapati22/github_actions_test"
                    },
                    {
                      "k": "visibility",
                      "v": "public"
                    },
                    {
                      "k": "watchers",
                      "v": 0.0
                    },
                    {
                      "k": "watchers_count",
                      "v": 0.0
                    },
                    {
                      "k": "web_commit_signoff_required",
                      "v": false
                    }
                  ]
                }
              },
              {
                "k": "sender",
                "v": {
                  "t": 2,
                  "d": [
                    {
                      "k": "avatar_url",
                      "v": "https://avatars.githubusercontent.com/u/76246107?v=4"
                    },
                    {
                      "k": "events_url",
                      "v": "https://api.github.com/users/sourabhprajapati22/events{/privacy}"
                    },
                    {
                      "k": "followers_url",
                      "v": "https://api.github.com/users/sourabhprajapati22/followers"
                    },
                    {
                      "k": "following_url",
                      "v": "https://api.github.com/users/sourabhprajapati22/following{/other_user}"
                    },
                    {
                      "k": "gists_url",
                      "v": "https://api.github.com/users/sourabhprajapati22/gists{/gist_id}"
                    },
                    {
                      "k": "gravatar_id",
                      "v": ""
                    },
                    {
                      "k": "html_url",
                      "v": "https://github.com/sourabhprajapati22"
                    },
                    {
                      "k": "id",
                      "v": 76246107.0
                    },
                    {
                      "k": "login",
                      "v": "sourabhprajapati22"
                    },
                    {
                      "k": "node_id",
                      "v": "MDQ6VXNlcjc2MjQ2MTA3"
                    },
                    {
                      "k": "organizations_url",
                      "v": "https://api.github.com/users/sourabhprajapati22/orgs"
                    },
                    {
                      "k": "received_events_url",
                      "v": "https://api.github.com/users/sourabhprajapati22/received_events"
                    },
                    {
                      "k": "repos_url",
                      "v": "https://api.github.com/users/sourabhprajapati22/repos"
                    },
                    {
                      "k": "site_admin",
                      "v": false
                    },
                    {
                      "k": "starred_url",
                      "v": "https://api.github.com/users/sourabhprajapati22/starred{/owner}{/repo}"
                    },
                    {
                      "k": "subscriptions_url",
                      "v": "https://api.github.com/users/sourabhprajapati22/subscriptions"
                    },
                    {
                      "k": "type",
                      "v": "User"
                    },
                    {
                      "k": "url",
                      "v": "https://api.github.com/users/sourabhprajapati22"
                    },
                    {
                      "k": "user_view_type",
                      "v": "public"
                    }
                  ]
                }
              }
            ]
          }
        },
        {
          "k": "workflow_ref",
          "v": "sourabhprajapati22/github_actions_test/.github/workflows/CI.yaml@refs/heads/main"
        },
        {
          "k": "workflow_sha",
          "v": "4ffba499de8b654042bfc883d41149d851be56d7"
        },
        {
          "k": "repository_id",
          "v": "1347324120"
        },
        {
          "k": "triggering_actor",
          "v": "sourabhprajapati22"
        }
      ]
    },
    "inputs": {
      "t": 2
    },
    "job": {
      "t": 2,
      "d": [
        {
          "k": "check_run_id",
          "v": 98208999164.0
        },
        {
          "k": "workflow_ref",
          "v": "sourabhprajapati22/github_actions_test/.github/workflows/CI.yaml@refs/heads/main"
        },
        {
          "k": "workflow_sha",
          "v": "4ffba499de8b654042bfc883d41149d851be56d7"
        },
        {
          "k": "workflow_repository",
          "v": "sourabhprajapati22/github_actions_test"
        },
        {
          "k": "workflow_file_path",
          "v": ".github/workflows/CI.yaml"
        }
      ]
    },
    "matrix": null,
    "needs": {
      "t": 2
    },
    "strategy": {
      "t": 2,
      "d": [
        {
          "k": "fail-fast",
          "v": true
        },
        {
          "k": "job-index",
          "v": 0.0
        },
        {
          "k": "job-total",
          "v": 1.0
        },
        {
          "k": "max-parallel",
          "v": 1.0
        }
      ]
    },
    "vars": {
      "t": 2
    }
  },
  "billingOwnerId": "U_kgDOBItsWw"
}
[2026-08-26 14:09:13Z INFO JobRunner] Job ID 61edf92f-2540-517b-88f2-d4e1103c11e2
[2026-08-26 14:09:13Z INFO ConfigurationStore] currentAssemblyLocation: F:\Github_learning_actions\actions-runner\bin\Runner.Worker.dll
[2026-08-26 14:09:13Z INFO HostContext] Well known directory 'Bin': 'F:\Github_learning_actions\actions-runner\bin'
[2026-08-26 14:09:13Z INFO ConfigurationStore] binPath: F:\Github_learning_actions\actions-runner\bin
[2026-08-26 14:09:13Z INFO HostContext] Well known directory 'Bin': 'F:\Github_learning_actions\actions-runner\bin'
[2026-08-26 14:09:13Z INFO HostContext] Well known directory 'Root': 'F:\Github_learning_actions\actions-runner'
[2026-08-26 14:09:13Z INFO ConfigurationStore] RootFolder: F:\Github_learning_actions\actions-runner
[2026-08-26 14:09:13Z INFO HostContext] Well known directory 'Bin': 'F:\Github_learning_actions\actions-runner\bin'
[2026-08-26 14:09:13Z INFO HostContext] Well known directory 'Root': 'F:\Github_learning_actions\actions-runner'
[2026-08-26 14:09:13Z INFO HostContext] Well known config file 'Runner': 'F:\Github_learning_actions\actions-runner\.runner'
[2026-08-26 14:09:13Z INFO ConfigurationStore] ConfigFilePath: F:\Github_learning_actions\actions-runner\.runner
[2026-08-26 14:09:13Z INFO HostContext] Well known directory 'Bin': 'F:\Github_learning_actions\actions-runner\bin'
[2026-08-26 14:09:13Z INFO HostContext] Well known directory 'Root': 'F:\Github_learning_actions\actions-runner'
[2026-08-26 14:09:13Z INFO HostContext] Well known config file 'MigratedRunner': 'F:\Github_learning_actions\actions-runner\.runner_migrated'
[2026-08-26 14:09:13Z INFO ConfigurationStore] MigratedConfigFilePath: F:\Github_learning_actions\actions-runner\.runner_migrated
[2026-08-26 14:09:13Z INFO HostContext] Well known directory 'Bin': 'F:\Github_learning_actions\actions-runner\bin'
[2026-08-26 14:09:13Z INFO HostContext] Well known directory 'Root': 'F:\Github_learning_actions\actions-runner'
[2026-08-26 14:09:13Z INFO HostContext] Well known config file 'Credentials': 'F:\Github_learning_actions\actions-runner\.credentials'
[2026-08-26 14:09:13Z INFO ConfigurationStore] CredFilePath: F:\Github_learning_actions\actions-runner\.credentials
[2026-08-26 14:09:13Z INFO HostContext] Well known directory 'Bin': 'F:\Github_learning_actions\actions-runner\bin'
[2026-08-26 14:09:13Z INFO HostContext] Well known directory 'Root': 'F:\Github_learning_actions\actions-runner'
[2026-08-26 14:09:13Z INFO HostContext] Well known config file 'MigratedCredentials': 'F:\Github_learning_actions\actions-runner\.credentials_migrated'
[2026-08-26 14:09:13Z INFO ConfigurationStore] MigratedCredFilePath: F:\Github_learning_actions\actions-runner\.credentials_migrated
[2026-08-26 14:09:13Z INFO HostContext] Well known directory 'Bin': 'F:\Github_learning_actions\actions-runner\bin'
[2026-08-26 14:09:13Z INFO HostContext] Well known directory 'Root': 'F:\Github_learning_actions\actions-runner'
[2026-08-26 14:09:13Z INFO HostContext] Well known config file 'Service': 'F:\Github_learning_actions\actions-runner\.service'
[2026-08-26 14:09:13Z INFO ConfigurationStore] ServiceConfigFilePath: F:\Github_learning_actions\actions-runner\.service
[2026-08-26 14:09:13Z INFO ConfigurationStore] Read setting file: 407 chars
[2026-08-26 14:09:13Z INFO JobRunner] Initializing launch client
[2026-08-26 14:09:13Z INFO JobServerQueue] Initializing results client
[2026-08-26 14:09:13Z INFO ResultServer] Creating websocket client ...wss://results-receiver.actions.githubusercontent.com/_ws/ingest.sock
[2026-08-26 14:09:13Z INFO ResultServer] Attempting to start websocket client with delay 00:00:00.
[2026-08-26 14:09:13Z INFO JobServerQueue] Start process web console line queue.
[2026-08-26 14:09:13Z INFO JobServerQueue] Start process file upload queue.
[2026-08-26 14:09:13Z INFO JobServerQueue] Start results file upload queue.
[2026-08-26 14:09:13Z INFO JobServerQueue] Starting results-based upload queue...
[2026-08-26 14:09:13Z INFO JobServerQueue] Start process timeline update queue.
[2026-08-26 14:09:13Z INFO ExecutionContext] Initializing Job context
[2026-08-26 14:09:13Z INFO ExecutionContext] Initialize GitHub context
[2026-08-26 14:09:13Z INFO ExecutionContext] Initialize Env context
[2026-08-26 14:09:13Z INFO HostContext] Well known directory 'Bin': 'F:\Github_learning_actions\actions-runner\bin'
[2026-08-26 14:09:13Z INFO HostContext] Well known directory 'Root': 'F:\Github_learning_actions\actions-runner'
[2026-08-26 14:09:13Z INFO HostContext] Well known directory 'Diag': 'F:\Github_learning_actions\actions-runner\_diag'
[2026-08-26 14:09:13Z INFO HostContext] Well known directory 'Bin': 'F:\Github_learning_actions\actions-runner\bin'
[2026-08-26 14:09:13Z INFO HostContext] Well known directory 'Root': 'F:\Github_learning_actions\actions-runner'
[2026-08-26 14:09:13Z INFO HostContext] Well known directory 'Diag': 'F:\Github_learning_actions\actions-runner\_diag'
[2026-08-26 14:09:13Z INFO JobRunner] Starting the job execution context.
[2026-08-26 14:09:13Z INFO HostContext] Well known directory 'Bin': 'F:\Github_learning_actions\actions-runner\bin'
[2026-08-26 14:09:13Z INFO HostContext] Well known directory 'Root': 'F:\Github_learning_actions\actions-runner'
[2026-08-26 14:09:13Z INFO HostContext] Well known directory 'Work': 'F:\Github_learning_actions\actions-runner\_work'
[2026-08-26 14:09:13Z INFO JobRunner] Validating directory permissions for: 'F:\Github_learning_actions\actions-runner\_work'
[2026-08-26 14:09:13Z INFO HostContext] Well known directory 'Bin': 'F:\Github_learning_actions\actions-runner\bin'
[2026-08-26 14:09:13Z INFO HostContext] Well known directory 'Root': 'F:\Github_learning_actions\actions-runner'
[2026-08-26 14:09:13Z INFO HostContext] Well known directory 'Work': 'F:\Github_learning_actions\actions-runner\_work'
[2026-08-26 14:09:13Z INFO HostContext] Well known directory 'Tools': 'F:\Github_learning_actions\actions-runner\_work\_tool'
[2026-08-26 14:09:13Z INFO HostContext] Well known directory 'Bin': 'F:\Github_learning_actions\actions-runner\bin'
[2026-08-26 14:09:13Z INFO HostContext] Well known directory 'Root': 'F:\Github_learning_actions\actions-runner'
[2026-08-26 14:09:13Z INFO HostContext] Well known directory 'Work': 'F:\Github_learning_actions\actions-runner\_work'
[2026-08-26 14:09:13Z INFO HostContext] Well known directory 'Temp': 'F:\Github_learning_actions\actions-runner\_work\_temp'
[2026-08-26 14:09:13Z INFO JobRunner] Getting job extension.
[2026-08-26 14:09:13Z INFO JobRunner] Initialize job. Getting all job steps.
[2026-08-26 14:09:13Z INFO HostContext] Well known directory 'Bin': 'F:\Github_learning_actions\actions-runner\bin'
[2026-08-26 14:09:13Z INFO HostContext] Well known directory 'Root': 'F:\Github_learning_actions\actions-runner'
[2026-08-26 14:09:13Z INFO HostContext] Well known directory 'Diag': 'F:\Github_learning_actions\actions-runner\_diag'
[2026-08-26 14:09:13Z INFO HostContext] Well known directory 'Bin': 'F:\Github_learning_actions\actions-runner\bin'
[2026-08-26 14:09:13Z INFO HostContext] Well known directory 'Root': 'F:\Github_learning_actions\actions-runner'
[2026-08-26 14:09:13Z INFO HostContext] Well known directory 'Diag': 'F:\Github_learning_actions\actions-runner\_diag'
[2026-08-26 14:09:13Z INFO HostContext] Well known directory 'Bin': 'F:\Github_learning_actions\actions-runner\bin'
[2026-08-26 14:09:13Z INFO HostContext] Well known directory 'Root': 'F:\Github_learning_actions\actions-runner'
[2026-08-26 14:09:13Z INFO HostContext] Well known config file 'Credentials': 'F:\Github_learning_actions\actions-runner\.credentials'
[2026-08-26 14:09:13Z INFO HostContext] Well known directory 'Bin': 'F:\Github_learning_actions\actions-runner\bin'
[2026-08-26 14:09:13Z INFO HostContext] Well known directory 'Root': 'F:\Github_learning_actions\actions-runner'
[2026-08-26 14:09:13Z INFO HostContext] Well known config file 'SetupInfo': 'F:\Github_learning_actions\actions-runner\.setup_info'
[2026-08-26 14:09:13Z INFO HostContext] Well known directory 'Bin': 'F:\Github_learning_actions\actions-runner\bin'
[2026-08-26 14:09:13Z INFO HostContext] Well known directory 'Root': 'F:\Github_learning_actions\actions-runner'
[2026-08-26 14:09:13Z INFO HostContext] Well known directory 'Work': 'F:\Github_learning_actions\actions-runner\_work'
[2026-08-26 14:09:13Z INFO PipelineDirectoryManager] Loading tracking config if exists: F:\Github_learning_actions\actions-runner\_work\_PipelineMapping\sourabhprajapati22/github_actions_test\PipelineFolder.json
[2026-08-26 14:09:13Z INFO PipelineDirectoryManager] Creating a new tracking config file.
[2026-08-26 14:09:13Z INFO HostContext] Well known directory 'Bin': 'F:\Github_learning_actions\actions-runner\bin'
[2026-08-26 14:09:13Z INFO HostContext] Well known directory 'Root': 'F:\Github_learning_actions\actions-runner'
[2026-08-26 14:09:13Z INFO HostContext] Well known directory 'Work': 'F:\Github_learning_actions\actions-runner\_work'
[2026-08-26 14:09:13Z INFO PipelineDirectoryManager] Creating pipeline directory.
[2026-08-26 14:09:13Z INFO HostContext] Well known directory 'Bin': 'F:\Github_learning_actions\actions-runner\bin'
[2026-08-26 14:09:13Z INFO HostContext] Well known directory 'Root': 'F:\Github_learning_actions\actions-runner'
[2026-08-26 14:09:13Z INFO HostContext] Well known directory 'Work': 'F:\Github_learning_actions\actions-runner\_work'
[2026-08-26 14:09:13Z INFO PipelineDirectoryManager] Creating workspace directory.
[2026-08-26 14:09:13Z INFO HostContext] Well known directory 'Bin': 'F:\Github_learning_actions\actions-runner\bin'
[2026-08-26 14:09:13Z INFO HostContext] Well known directory 'Root': 'F:\Github_learning_actions\actions-runner'
[2026-08-26 14:09:13Z INFO HostContext] Well known directory 'Work': 'F:\Github_learning_actions\actions-runner\_work'
[2026-08-26 14:09:13Z INFO JobExtension] Downloading actions
[2026-08-26 14:09:13Z INFO HostContext] Well known directory 'Bin': 'F:\Github_learning_actions\actions-runner\bin'
[2026-08-26 14:09:13Z INFO HostContext] Well known directory 'Root': 'F:\Github_learning_actions\actions-runner'
[2026-08-26 14:09:13Z INFO HostContext] Well known directory 'Work': 'F:\Github_learning_actions\actions-runner\_work'
[2026-08-26 14:09:13Z INFO HostContext] Well known directory 'Actions': 'F:\Github_learning_actions\actions-runner\_work\_actions'
[2026-08-26 14:09:13Z INFO JobExtension] Adding .
[2026-08-26 14:09:13Z INFO HostContext] Well known directory 'Bin': 'F:\Github_learning_actions\actions-runner\bin'
[2026-08-26 14:09:13Z INFO HostContext] Well known directory 'Root': 'F:\Github_learning_actions\actions-runner'
[2026-08-26 14:09:13Z INFO HostContext] Well known directory 'Diag': 'F:\Github_learning_actions\actions-runner\_diag'
[2026-08-26 14:09:13Z INFO HostContext] Well known directory 'Bin': 'F:\Github_learning_actions\actions-runner\bin'
[2026-08-26 14:09:13Z INFO HostContext] Well known directory 'Root': 'F:\Github_learning_actions\actions-runner'
[2026-08-26 14:09:13Z INFO HostContext] Well known directory 'Diag': 'F:\Github_learning_actions\actions-runner\_diag'
[2026-08-26 14:09:13Z INFO JobExtension] Total accessible running process: 359.
[2026-08-26 14:09:13Z INFO HostContext] Well known directory 'Bin': 'F:\Github_learning_actions\actions-runner\bin'
[2026-08-26 14:09:13Z INFO HostContext] Well known directory 'Root': 'F:\Github_learning_actions\actions-runner'
[2026-08-26 14:09:13Z INFO HostContext] Well known directory 'Work': 'F:\Github_learning_actions\actions-runner\_work'
[2026-08-26 14:09:13Z INFO JobExtension] Start checking server connectivity.
[2026-08-26 14:09:13Z INFO JobExtension] Check server connectivity for https://broker.actions.githubusercontent.com/health.
[2026-08-26 14:09:13Z INFO JobExtension] Check server connectivity for https://token.actions.githubusercontent.com/ready.
[2026-08-26 14:09:13Z INFO JobExtension] Check server connectivity for https://run.actions.githubusercontent.com/health.
[2026-08-26 14:09:13Z INFO JobExtension] Start checking service connectivity in background.
[2026-08-26 14:09:13Z INFO ExecutionContext] Publish step telemetry for current step {
  "action": "setup_job",
  "type": "runner",
  "stage": "Pre",
  "stepId": "403a1df5-7afd-47b9-a642-9731a09547ca",
  "result": "succeeded",
  "errorMessages": [],
  "executionTimeInSeconds": 1,
  "startTime": "2026-08-26T14:09:13.17906Z",
  "finishTime": "2026-08-26T14:09:13.2489036Z"
}.
[2026-08-26 14:09:13Z INFO JobRunner] Total job steps: 1.
[2026-08-26 14:09:13Z INFO JobRunner] Run all job steps.
[2026-08-26 14:09:13Z INFO DapDebugger] DapDebugger initialized
[2026-08-26 14:09:13Z INFO StepsRunner] Processing step: DisplayName='Check Python version'
[2026-08-26 14:09:13Z INFO StepsRunner] Evaluating: success()
[2026-08-26 14:09:13Z INFO StepsRunner] Result: true
[2026-08-26 14:09:13Z INFO StepsRunner] Starting the step.
[2026-08-26 14:09:13Z INFO HostContext] Well known directory 'Bin': 'F:\Github_learning_actions\actions-runner\bin'
[2026-08-26 14:09:13Z INFO HostContext] Well known directory 'Root': 'F:\Github_learning_actions\actions-runner'
[2026-08-26 14:09:13Z INFO HostContext] Well known directory 'Work': 'F:\Github_learning_actions\actions-runner\_work'
[2026-08-26 14:09:13Z INFO StepsRunner] Which2: 'chcp'
[2026-08-26 14:09:13Z INFO StepsRunner] Location: 'C:\Windows\system32\chcp.COM'
[2026-08-26 14:09:13Z INFO ProcessInvokerWrapper] Starting process:
[2026-08-26 14:09:13Z INFO ProcessInvokerWrapper]   File name: 'C:\Windows\system32\chcp.COM'
[2026-08-26 14:09:13Z INFO ProcessInvokerWrapper]   Arguments: '65001'
[2026-08-26 14:09:13Z INFO ProcessInvokerWrapper]   Working directory: 'F:\Github_learning_actions\actions-runner\_work'
[2026-08-26 14:09:13Z INFO ProcessInvokerWrapper]   Require exit code zero: 'False'
[2026-08-26 14:09:13Z INFO ProcessInvokerWrapper]   Encoding web name:  ; code page: ''
[2026-08-26 14:09:13Z INFO ProcessInvokerWrapper]   Force kill process on cancellation: 'False'
[2026-08-26 14:09:13Z INFO ProcessInvokerWrapper]   Redirected STDIN: 'False'
[2026-08-26 14:09:13Z INFO ProcessInvokerWrapper]   Persist current code page: 'True'
[2026-08-26 14:09:13Z INFO ProcessInvokerWrapper]   Keep redirected STDIN open: 'False'
[2026-08-26 14:09:13Z INFO ProcessInvokerWrapper]   High priority process: 'False'
[2026-08-26 14:09:13Z INFO ProcessInvokerWrapper] Process started with process id 9364, waiting for process exit.
[2026-08-26 14:09:13Z INFO Worker] Listening for cancel message from the channel.
[2026-08-26 14:09:13Z INFO Worker] Waiting for the job to complete or for a cancel message from the channel.
[2026-08-26 14:09:13Z INFO ProcessInvokerWrapper] STDOUT/STDERR stream read finished.
[2026-08-26 14:09:13Z INFO ProcessInvokerWrapper] STDOUT/STDERR stream read finished.
[2026-08-26 14:09:13Z INFO ProcessInvokerWrapper] Finished process 9364 with exit code 0, and elapsed time 00:00:00.0270251.
[2026-08-26 14:09:13Z INFO StepsRunner] Successfully returned to code page 65001 (UTF8)
[2026-08-26 14:09:13Z INFO HostContext] Well known directory 'Bin': 'F:\Github_learning_actions\actions-runner\bin'
[2026-08-26 14:09:13Z INFO HostContext] Well known directory 'Root': 'F:\Github_learning_actions\actions-runner'
[2026-08-26 14:09:13Z INFO HostContext] Well known directory 'Work': 'F:\Github_learning_actions\actions-runner\_work'
[2026-08-26 14:09:13Z INFO HostContext] Well known directory 'Temp': 'F:\Github_learning_actions\actions-runner\_work\_temp'
[2026-08-26 14:09:13Z INFO ExecutionContext] Write event payload to F:\Github_learning_actions\actions-runner\_work\_temp\_github_workflow\event.json
[2026-08-26 14:09:13Z INFO HostContext] Well known directory 'Bin': 'F:\Github_learning_actions\actions-runner\bin'
[2026-08-26 14:09:13Z INFO HostContext] Well known directory 'Root': 'F:\Github_learning_actions\actions-runner'
[2026-08-26 14:09:13Z INFO HostContext] Well known directory 'Work': 'F:\Github_learning_actions\actions-runner\_work'
[2026-08-26 14:09:13Z INFO HostContext] Well known directory 'Temp': 'F:\Github_learning_actions\actions-runner\_work\_temp'
[2026-08-26 14:09:13Z INFO ExtensionManager] Getting extensions for interface: 'GitHub.Runner.Worker.IFileCommandExtension'
[2026-08-26 14:09:13Z INFO ExtensionManager] Creating instance: GitHub.Runner.Worker.AddPathFileCommand, Runner.Worker
[2026-08-26 14:09:13Z INFO ExtensionManager] Creating instance: GitHub.Runner.Worker.SetEnvFileCommand, Runner.Worker
[2026-08-26 14:09:13Z INFO ExtensionManager] Creating instance: GitHub.Runner.Worker.CreateStepSummaryCommand, Runner.Worker
[2026-08-26 14:09:13Z INFO ExtensionManager] Creating instance: GitHub.Runner.Worker.SaveStateFileCommand, Runner.Worker
[2026-08-26 14:09:13Z INFO ExtensionManager] Creating instance: GitHub.Runner.Worker.SetOutputFileCommand, Runner.Worker
[2026-08-26 14:09:13Z INFO ExtensionManager] Creating instance: GitHub.Runner.Worker.CreateArtifactsFileCommand, Runner.Worker
[2026-08-26 14:09:13Z INFO ExtensionManager] Creating instance: GitHub.Runner.Worker.ArtifactsListFileCommand, Runner.Worker
[2026-08-26 14:09:13Z INFO ExtensionManager] Getting extensions for interface: 'GitHub.Runner.Worker.IActionCommandExtension'
[2026-08-26 14:09:13Z INFO ExtensionManager] Creating instance: GitHub.Runner.Worker.InternalPluginSetRepoPathCommandExtension, Runner.Worker
[2026-08-26 14:09:13Z INFO ExtensionManager] Creating instance: GitHub.Runner.Worker.SetEnvCommandExtension, Runner.Worker
[2026-08-26 14:09:13Z INFO ExtensionManager] Creating instance: GitHub.Runner.Worker.SetOutputCommandExtension, Runner.Worker
[2026-08-26 14:09:13Z INFO ExtensionManager] Creating instance: GitHub.Runner.Worker.SaveStateCommandExtension, Runner.Worker
[2026-08-26 14:09:13Z INFO ExtensionManager] Creating instance: GitHub.Runner.Worker.AddPathCommandExtension, Runner.Worker
[2026-08-26 14:09:13Z INFO ExtensionManager] Creating instance: GitHub.Runner.Worker.AddMaskCommandExtension, Runner.Worker
[2026-08-26 14:09:13Z INFO ExtensionManager] Creating instance: GitHub.Runner.Worker.AddMatcherCommandExtension, Runner.Worker
[2026-08-26 14:09:13Z INFO ExtensionManager] Creating instance: GitHub.Runner.Worker.RemoveMatcherCommandExtension, Runner.Worker
[2026-08-26 14:09:13Z INFO ExtensionManager] Creating instance: GitHub.Runner.Worker.WarningCommandExtension, Runner.Worker
[2026-08-26 14:09:13Z INFO ExtensionManager] Creating instance: GitHub.Runner.Worker.ErrorCommandExtension, Runner.Worker
[2026-08-26 14:09:13Z INFO ExtensionManager] Creating instance: GitHub.Runner.Worker.NoticeCommandExtension, Runner.Worker
[2026-08-26 14:09:13Z INFO ExtensionManager] Creating instance: GitHub.Runner.Worker.DebugCommandExtension, Runner.Worker
[2026-08-26 14:09:13Z INFO ExtensionManager] Creating instance: GitHub.Runner.Worker.GroupCommandExtension, Runner.Worker
[2026-08-26 14:09:13Z INFO ExtensionManager] Creating instance: GitHub.Runner.Worker.EndGroupCommandExtension, Runner.Worker
[2026-08-26 14:09:13Z INFO ExtensionManager] Creating instance: GitHub.Runner.Worker.EchoCommandExtension, Runner.Worker
[2026-08-26 14:09:13Z INFO ActionCommandManager] Register action command extension for command internal-set-repo-path
[2026-08-26 14:09:13Z INFO ActionCommandManager] Register action command extension for command set-env
[2026-08-26 14:09:13Z INFO ActionCommandManager] Register action command extension for command set-output
[2026-08-26 14:09:13Z INFO ActionCommandManager] Register action command extension for command save-state
[2026-08-26 14:09:13Z INFO ActionCommandManager] Register action command extension for command add-path
[2026-08-26 14:09:13Z INFO ActionCommandManager] Register action command extension for command add-mask
[2026-08-26 14:09:13Z INFO ActionCommandManager] Register action command extension for command add-matcher
[2026-08-26 14:09:13Z INFO ActionCommandManager] Register action command extension for command remove-matcher
[2026-08-26 14:09:13Z INFO ActionCommandManager] Register action command extension for command warning
[2026-08-26 14:09:13Z INFO ActionCommandManager] Register action command extension for command error
[2026-08-26 14:09:13Z INFO ActionCommandManager] Register action command extension for command notice
[2026-08-26 14:09:13Z INFO ActionCommandManager] Register action command extension for command debug
[2026-08-26 14:09:13Z INFO ActionCommandManager] Register action command extension for command group
[2026-08-26 14:09:13Z INFO ActionCommandManager] Register action command extension for command endgroup
[2026-08-26 14:09:13Z INFO ActionCommandManager] Register action command extension for command echo
[2026-08-26 14:09:13Z INFO ScriptHandler] Which2: 'pwsh'
[2026-08-26 14:09:13Z INFO ScriptHandler] pwsh: command not found. Make sure 'pwsh' is installed and its location included in the 'Path' environment variable.
[2026-08-26 14:09:13Z INFO ScriptHandler] Defaulting to powershell
[2026-08-26 14:09:13Z INFO ScriptHandler] Which2: 'powershell'
[2026-08-26 14:09:13Z INFO ScriptHandler] Location: 'C:\Windows\System32\WindowsPowerShell\v1.0\powershell.EXE'
[2026-08-26 14:09:13Z INFO HostContext] Well known directory 'Bin': 'F:\Github_learning_actions\actions-runner\bin'
[2026-08-26 14:09:13Z INFO HostContext] Well known directory 'Root': 'F:\Github_learning_actions\actions-runner'
[2026-08-26 14:09:13Z INFO HostContext] Well known directory 'Work': 'F:\Github_learning_actions\actions-runner\_work'
[2026-08-26 14:09:13Z INFO HostContext] Well known directory 'Temp': 'F:\Github_learning_actions\actions-runner\_work\_temp'
[2026-08-26 14:09:13Z INFO ScriptHandler] Which2: 'pwsh'
[2026-08-26 14:09:13Z INFO ScriptHandler] pwsh: command not found. Make sure 'pwsh' is installed and its location included in the 'Path' environment variable.
[2026-08-26 14:09:13Z INFO ScriptHandler] Defaulting to powershell
[2026-08-26 14:09:13Z INFO ScriptHandler] Which2: 'powershell'
[2026-08-26 14:09:13Z INFO ScriptHandler] Location: 'C:\Windows\System32\WindowsPowerShell\v1.0\powershell.EXE'
[2026-08-26 14:09:13Z INFO ProcessInvokerWrapper] Starting process:
[2026-08-26 14:09:13Z INFO ProcessInvokerWrapper]   File name: 'C:\Windows\System32\WindowsPowerShell\v1.0\powershell.EXE'
[2026-08-26 14:09:13Z INFO ProcessInvokerWrapper]   Arguments: '-command ". 'F:\Github_learning_actions\actions-runner\_work\_temp\a3261ae8-ca73-481a-8aa3-25cbfa4d8987.ps1'"'
[2026-08-26 14:09:13Z INFO ProcessInvokerWrapper]   Working directory: 'F:\Github_learning_actions\actions-runner\_work\github_actions_test\github_actions_test'
[2026-08-26 14:09:13Z INFO ProcessInvokerWrapper]   Require exit code zero: 'False'
[2026-08-26 14:09:13Z INFO ProcessInvokerWrapper]   Encoding web name:  ; code page: ''
[2026-08-26 14:09:13Z INFO ProcessInvokerWrapper]   Force kill process on cancellation: 'False'
[2026-08-26 14:09:13Z INFO ProcessInvokerWrapper]   Redirected STDIN: 'False'
[2026-08-26 14:09:13Z INFO ProcessInvokerWrapper]   Persist current code page: 'True'
[2026-08-26 14:09:13Z INFO ProcessInvokerWrapper]   Keep redirected STDIN open: 'False'
[2026-08-26 14:09:13Z INFO ProcessInvokerWrapper]   High priority process: 'False'
[2026-08-26 14:09:13Z INFO ProcessInvokerWrapper] Process started with process id 16468, waiting for process exit.
[2026-08-26 14:09:13Z INFO ResultServer] Successfully started websocket client.
[2026-08-26 14:09:13Z INFO JobServerQueue] Try to append 1 batches web console lines for record '403a1df5-7afd-47b9-a642-9731a09547ca', success rate: 1/1.
[2026-08-26 14:09:13Z INFO JobServerQueue] Try to append 1 batches web console lines for record 'cd2c6d6f-b856-4020-9380-aedfc5f827d5', success rate: 1/1.
[2026-08-26 14:09:14Z INFO JobServerQueue] Got a step log file to send to results service.
[2026-08-26 14:09:14Z INFO JobServerQueue] Starting upload of step log file to results service ResultsLog, F:\Github_learning_actions\actions-runner\_diag\blocks\02043521-f851-4082-84a5-2488b2910556_403a1df5-7afd-47b9-a642-9731a09547ca.1
[2026-08-26 14:09:14Z INFO JobServerQueue] Try to upload 1 log files or attachments, success rate: 1/1.
[2026-08-26 14:09:14Z INFO JobServerQueue] Job timeline record has been updated for the first time.
[2026-08-26 14:09:16Z INFO JobServerQueue] Tried to upload 1 file(s) to results, success rate: 1/1.
[2026-08-26 14:09:20Z INFO JobServerQueue] Try to append 1 batches web console lines for record 'cd2c6d6f-b856-4020-9380-aedfc5f827d5', success rate: 1/1.
[2026-08-26 14:09:20Z INFO ProcessInvokerWrapper] STDOUT/STDERR stream read finished.
[2026-08-26 14:09:20Z INFO ProcessInvokerWrapper] STDOUT/STDERR stream read finished.
[2026-08-26 14:09:20Z INFO ProcessInvokerWrapper] Finished process 16468 with exit code 0, and elapsed time 00:00:07.5244837.
[2026-08-26 14:09:20Z INFO CreateStepSummaryCommand] Step Summary file (F:\Github_learning_actions\actions-runner\_work\_temp\_runner_file_commands\step_summary_7696b028-75fb-4394-bac9-4a4a97083d74) is empty; skipping attachment upload
[2026-08-26 14:09:20Z INFO StepsRunner] Step result: 
[2026-08-26 14:09:20Z INFO ExecutionContext] Publish step telemetry for current step {
  "action": "powershell",
  "type": "run",
  "stage": "Main",
  "stepId": "cd2c6d6f-b856-4020-9380-aedfc5f827d5",
  "stepContextName": "__run",
  "result": "succeeded",
  "errorMessages": [],
  "executionTimeInSeconds": 8,
  "startTime": "2026-08-26T14:09:13.2633418Z",
  "finishTime": "2026-08-26T14:09:20.9533672Z"
}.
[2026-08-26 14:09:20Z INFO StepsRunner] No need for updating job result with current step result 'Succeeded'.
[2026-08-26 14:09:20Z INFO StepsRunner] Current state: job state = ''
[2026-08-26 14:09:20Z INFO JobRunner] Finalize job.
[2026-08-26 14:09:20Z INFO HostContext] Well known directory 'Bin': 'F:\Github_learning_actions\actions-runner\bin'
[2026-08-26 14:09:20Z INFO HostContext] Well known directory 'Root': 'F:\Github_learning_actions\actions-runner'
[2026-08-26 14:09:20Z INFO HostContext] Well known directory 'Diag': 'F:\Github_learning_actions\actions-runner\_diag'
[2026-08-26 14:09:20Z INFO HostContext] Well known directory 'Bin': 'F:\Github_learning_actions\actions-runner\bin'
[2026-08-26 14:09:20Z INFO HostContext] Well known directory 'Root': 'F:\Github_learning_actions\actions-runner'
[2026-08-26 14:09:20Z INFO HostContext] Well known directory 'Diag': 'F:\Github_learning_actions\actions-runner\_diag'
[2026-08-26 14:09:20Z INFO JobExtension] Initialize Env context
[2026-08-26 14:09:20Z INFO JobExtension] Initialize steps context
[2026-08-26 14:09:20Z INFO JobExtension] Total accessible running process: 359.
[2026-08-26 14:09:20Z INFO JobExtension] Wait for all connectivity checks to finish.
[2026-08-26 14:09:20Z INFO JobExtension] Connectivity check result: {
  "endpointUrl": "https://broker.actions.githubusercontent.com/health",
  "endpointIPs": null,
  "startTime": "2026-08-26T14:09:13.2420032Z",
  "statusCode": "http_OK",
  "requestId": "D3BB:A6ED5:F8562:10492C:6A8EF388",
  "httpRequestDurationInMs": 699,
  "dnsResolutionDurationInMs": 0,
  "dnsError": null
}
[2026-08-26 14:09:20Z INFO JobExtension] Connectivity check result: {
  "endpointUrl": "https://token.actions.githubusercontent.com/ready",
  "endpointIPs": null,
  "startTime": "2026-08-26T14:09:13.2461505Z",
  "statusCode": "http_NoContent",
  "requestId": "D3BC:1DDB2C:1E1FAB3:20E7D90:6A8EF388",
  "httpRequestDurationInMs": 738,
  "dnsResolutionDurationInMs": 0,
  "dnsError": null
}
[2026-08-26 14:09:20Z INFO JobExtension] Connectivity check result: {
  "endpointUrl": "https://run.actions.githubusercontent.com/health",
  "endpointIPs": null,
  "startTime": "2026-08-26T14:09:13.2463404Z",
  "statusCode": "http_OK",
  "requestId": "D3BD:FFC1:FBE91:108344:6A8EF388",
  "httpRequestDurationInMs": 727,
  "dnsResolutionDurationInMs": 0,
  "dnsError": null
}
[2026-08-26 14:09:20Z INFO ExecutionContext] Publish step telemetry for current step {
  "action": "complete_job",
  "type": "runner",
  "stage": "Post",
  "stepId": "bb29901b-1c85-46f7-8946-18ca1d910b22",
  "result": "succeeded",
  "errorMessages": [],
  "executionTimeInSeconds": 1,
  "startTime": "2026-08-26T14:09:20.9628069Z",
  "finishTime": "2026-08-26T14:09:20.9808291Z"
}.
[2026-08-26 14:09:20Z INFO JobRunner] Job result after all job steps finish: Succeeded
[2026-08-26 14:09:20Z INFO JobRunner] Completing the job execution context.
[2026-08-26 14:09:20Z INFO JobRunner] Shutting down the job server queue.
[2026-08-26 14:09:20Z INFO JobServerQueue] Fire signal to shutdown all queues.
[2026-08-26 14:09:21Z INFO JobServerQueue] All queue process task stopped.
[2026-08-26 14:09:21Z INFO JobServerQueue] Try to append 1 batches web console lines for record 'bb29901b-1c85-46f7-8946-18ca1d910b22', success rate: 1/1.
[2026-08-26 14:09:21Z INFO JobServerQueue] Web console line queue drained.
[2026-08-26 14:09:21Z INFO JobServerQueue] Uploading 3 files in one shot.
[2026-08-26 14:09:21Z INFO JobServerQueue] Try to upload 3 log files or attachments, success rate: 3/3.
[2026-08-26 14:09:21Z INFO JobServerQueue] File upload queue drained.
[2026-08-26 14:09:21Z INFO JobServerQueue] Starting results-based upload queue...
[2026-08-26 14:09:21Z INFO JobServerQueue] Uploading 3 file(s) in one shot through results service.
[2026-08-26 14:09:21Z INFO JobServerQueue] Got a step log file to send to results service.
[2026-08-26 14:09:21Z INFO JobServerQueue] Starting upload of step log file to results service ResultsLog, F:\Github_learning_actions\actions-runner\_diag\blocks\02043521-f851-4082-84a5-2488b2910556_cd2c6d6f-b856-4020-9380-aedfc5f827d5.1
[2026-08-26 14:09:22Z INFO JobServerQueue] Got a step log file to send to results service.
[2026-08-26 14:09:22Z INFO JobServerQueue] Starting upload of step log file to results service ResultsLog, F:\Github_learning_actions\actions-runner\_diag\blocks\02043521-f851-4082-84a5-2488b2910556_bb29901b-1c85-46f7-8946-18ca1d910b22.1
[2026-08-26 14:09:22Z INFO JobServerQueue] Got a job log file to send to results service.
[2026-08-26 14:09:22Z INFO JobServerQueue] Starting upload of job log file to results service ResultsLog, F:\Github_learning_actions\actions-runner\_diag\blocks\02043521-f851-4082-84a5-2488b2910556_61edf92f-2540-517b-88f2-d4e1103c11e2.1
[2026-08-26 14:09:23Z INFO JobServerQueue] Tried to upload 3 file(s) to results, success rate: 3/3.
[2026-08-26 14:09:23Z INFO JobServerQueue] Results upload queue drained.
[2026-08-26 14:09:23Z INFO JobServerQueue] Timeline update queue drained.
[2026-08-26 14:09:23Z INFO JobServerQueue] Disposing job server ...
[2026-08-26 14:09:23Z INFO JobServerQueue] Disposing results server ...
[2026-08-26 14:09:23Z INFO JobServerQueue] All queue process tasks have been stopped, and all queues are drained.
[2026-08-26 14:09:23Z INFO TempDirectoryManager] Cleaning runner temp folder: F:\Github_learning_actions\actions-runner\_work\_temp
[2026-08-26 14:09:23Z INFO HostContext] Well known directory 'Bin': 'F:\Github_learning_actions\actions-runner\bin'
[2026-08-26 14:09:23Z INFO HostContext] Well known directory 'Root': 'F:\Github_learning_actions\actions-runner'
[2026-08-26 14:09:23Z INFO HostContext] Well known directory 'Diag': 'F:\Github_learning_actions\actions-runner\_diag'
[2026-08-26 14:09:23Z INFO HostContext] Well known config file 'Telemetry': 'F:\Github_learning_actions\actions-runner\_diag\.telemetry'
[2026-08-26 14:09:23Z INFO JobRunner] Raising job completed against run service
[2026-08-26 14:09:25Z INFO Worker] Job completed.
